Archive member included to satisfy reference by file (symbol)

c:/progra~2/gnutoo~1/72018-~1/bin/../lib/gcc/arm-none-eabi/7.3.1/../../../../arm-none-eabi/lib/thumb/v7-m\libg.a(lib_a-errno.o)
                              CMakeFiles/BMI088_pro.elf.dir/Core/Src/syscalls.c.obj (__errno)
c:/progra~2/gnutoo~1/72018-~1/bin/../lib/gcc/arm-none-eabi/7.3.1/../../../../arm-none-eabi/lib/thumb/v7-m\libg.a(lib_a-exit.o)
                              c:/progra~2/gnutoo~1/72018-~1/bin/../lib/gcc/arm-none-eabi/7.3.1/../../../../arm-none-eabi/lib/thumb/v7-m/crt0.o (exit)
c:/progra~2/gnutoo~1/72018-~1/bin/../lib/gcc/arm-none-eabi/7.3.1/../../../../arm-none-eabi/lib/thumb/v7-m\libg.a(lib_a-impure.o)
                              c:/progra~2/gnutoo~1/72018-~1/bin/../lib/gcc/arm-none-eabi/7.3.1/../../../../arm-none-eabi/lib/thumb/v7-m\libg.a(lib_a-exit.o) (_global_impure_ptr)
c:/progra~2/gnutoo~1/72018-~1/bin/../lib/gcc/arm-none-eabi/7.3.1/../../../../arm-none-eabi/lib/thumb/v7-m\libg.a(lib_a-init.o)
                              c:/progra~2/gnutoo~1/72018-~1/bin/../lib/gcc/arm-none-eabi/7.3.1/../../../../arm-none-eabi/lib/thumb/v7-m/crt0.o (__libc_init_array)
c:/progra~2/gnutoo~1/72018-~1/bin/../lib/gcc/arm-none-eabi/7.3.1/../../../../arm-none-eabi/lib/thumb/v7-m\libg.a(lib_a-memset.o)
                              c:/progra~2/gnutoo~1/72018-~1/bin/../lib/gcc/arm-none-eabi/7.3.1/../../../../arm-none-eabi/lib/thumb/v7-m/crt0.o (memset)
c:/progra~2/gnutoo~1/72018-~1/bin/../lib/gcc/arm-none-eabi/7.3.1/../../../../arm-none-eabi/lib/thumb/v7-m\libg.a(lib_a-printf.o)
                              CMakeFiles/BMI088_pro.elf.dir/Core/Src/main.c.obj (printf)
c:/progra~2/gnutoo~1/72018-~1/bin/../lib/gcc/arm-none-eabi/7.3.1/../../../../arm-none-eabi/lib/thumb/v7-m\libg.a(lib_a-vfprintf.o)
                              c:/progra~2/gnutoo~1/72018-~1/bin/../lib/gcc/arm-none-eabi/7.3.1/../../../../arm-none-eabi/lib/thumb/v7-m\libg.a(lib_a-printf.o) (_vfprintf_r)
c:/progra~2/gnutoo~1/72018-~1/bin/../lib/gcc/arm-none-eabi/7.3.1/../../../../arm-none-eabi/lib/thumb/v7-m\libg.a(lib_a-wsetup.o)
                              c:/progra~2/gnutoo~1/72018-~1/bin/../lib/gcc/arm-none-eabi/7.3.1/../../../../arm-none-eabi/lib/thumb/v7-m\libg.a(lib_a-vfprintf.o) (__swsetup_r)
c:/progra~2/gnutoo~1/72018-~1/bin/../lib/gcc/arm-none-eabi/7.3.1/../../../../arm-none-eabi/lib/thumb/v7-m\libg.a(lib_a-__call_atexit.o)
                              c:/progra~2/gnutoo~1/72018-~1/bin/../lib/gcc/arm-none-eabi/7.3.1/../../../../arm-none-eabi/lib/thumb/v7-m\libg.a(lib_a-exit.o) (__call_exitprocs)
c:/progra~2/gnutoo~1/72018-~1/bin/../lib/gcc/arm-none-eabi/7.3.1/../../../../arm-none-eabi/lib/thumb/v7-m\libg.a(lib_a-atexit.o)
                              c:/progra~2/gnutoo~1/72018-~1/bin/../lib/gcc/arm-none-eabi/7.3.1/../../../../arm-none-eabi/lib/thumb/v7-m\libg.a(lib_a-__call_atexit.o) (atexit)
c:/progra~2/gnutoo~1/72018-~1/bin/../lib/gcc/arm-none-eabi/7.3.1/../../../../arm-none-eabi/lib/thumb/v7-m\libg.a(lib_a-dtoa.o)
                              c:/progra~2/gnutoo~1/72018-~1/bin/../lib/gcc/arm-none-eabi/7.3.1/../../../../arm-none-eabi/lib/thumb/v7-m\libg.a(lib_a-vfprintf.o) (_dtoa_r)
c:/progra~2/gnutoo~1/72018-~1/bin/../lib/gcc/arm-none-eabi/7.3.1/../../../../arm-none-eabi/lib/thumb/v7-m\libg.a(lib_a-fflush.o)
                              c:/progra~2/gnutoo~1/72018-~1/bin/../lib/gcc/arm-none-eabi/7.3.1/../../../../arm-none-eabi/lib/thumb/v7-m\libg.a(lib_a-vfprintf.o) (_fflush_r)
c:/progra~2/gnutoo~1/72018-~1/bin/../lib/gcc/arm-none-eabi/7.3.1/../../../../arm-none-eabi/lib/thumb/v7-m\libg.a(lib_a-findfp.o)
                              c:/progra~2/gnutoo~1/72018-~1/bin/../lib/gcc/arm-none-eabi/7.3.1/../../../../arm-none-eabi/lib/thumb/v7-m\libg.a(lib_a-vfprintf.o) (__sinit)
c:/progra~2/gnutoo~1/72018-~1/bin/../lib/gcc/arm-none-eabi/7.3.1/../../../../arm-none-eabi/lib/thumb/v7-m\libg.a(lib_a-fini.o)
                              c:/progra~2/gnutoo~1/72018-~1/bin/../lib/gcc/arm-none-eabi/7.3.1/../../../../arm-none-eabi/lib/thumb/v7-m\libg.a(lib_a-__call_atexit.o) (__libc_fini_array)
c:/progra~2/gnutoo~1/72018-~1/bin/../lib/gcc/arm-none-eabi/7.3.1/../../../../arm-none-eabi/lib/thumb/v7-m\libg.a(lib_a-freer.o)
                              c:/progra~2/gnutoo~1/72018-~1/bin/../lib/gcc/arm-none-eabi/7.3.1/../../../../arm-none-eabi/lib/thumb/v7-m\libg.a(lib_a-vfprintf.o) (_free_r)
c:/progra~2/gnutoo~1/72018-~1/bin/../lib/gcc/arm-none-eabi/7.3.1/../../../../arm-none-eabi/lib/thumb/v7-m\libg.a(lib_a-fwalk.o)
                              c:/progra~2/gnutoo~1/72018-~1/bin/../lib/gcc/arm-none-eabi/7.3.1/../../../../arm-none-eabi/lib/thumb/v7-m\libg.a(lib_a-findfp.o) (_fwalk)
c:/progra~2/gnutoo~1/72018-~1/bin/../lib/gcc/arm-none-eabi/7.3.1/../../../../arm-none-eabi/lib/thumb/v7-m\libg.a(lib_a-localeconv.o)
                              c:/progra~2/gnutoo~1/72018-~1/bin/../lib/gcc/arm-none-eabi/7.3.1/../../../../arm-none-eabi/lib/thumb/v7-m\libg.a(lib_a-vfprintf.o) (_localeconv_r)
[...]
Memory Configuration

Name             Origin             Length             Attributes
RAM              0x20000000         0x00005000         xrw
FLASH            0x08000000         0x00010000         xr
*default*        0x00000000         0xffffffff

Linker script and memory map

LOAD c:/progra~2/gnutoo~1/72018-~1/bin/../lib/gcc/arm-none-eabi/7.3.1/thumb/v7-m/crti.o
LOAD c:/progra~2/gnutoo~1/72018-~1/bin/../lib/gcc/arm-none-eabi/7.3.1/thumb/v7-m/crtbegin.o
LOAD c:/progra~2/gnutoo~1/72018-~1/bin/../lib/gcc/arm-none-eabi/7.3.1/../../../../arm-none-eabi/lib/thumb/v7-m/crt0.o
LOAD CMakeFiles/BMI088_pro.elf.dir/Core/Src/bmi08a.c.obj
LOAD CMakeFiles/BMI088_pro.elf.dir/Core/Src/bmi08g.c.obj
LOAD CMakeFiles/BMI088_pro.elf.dir/Core/Src/bmm150.c.obj
LOAD CMakeFiles/BMI088_pro.elf.dir/Core/Src/main.c.obj
LOAD CMakeFiles/BMI088_pro.elf.dir/Core/Src/stm32f1xx_hal_msp.c.obj
LOAD CMakeFiles/BMI088_pro.elf.dir/Core/Src/stm32f1xx_it.c.obj
LOAD CMakeFiles/BMI088_pro.elf.dir/Core/Src/syscalls.c.obj
LOAD CMakeFiles/BMI088_pro.elf.dir/Core/Src/sysmem.c.obj
LOAD CMakeFiles/BMI088_pro.elf.dir/Core/Src/system_stm32f1xx.c.obj
LOAD CMakeFiles/BMI088_pro.elf.dir/Core/Startup/startup_stm32f103c8tx.s.obj
LOAD CMakeFiles/BMI088_pro.elf.dir/Drivers/STM32F1xx_HAL_Driver/Src/stm32f1xx_hal.c.obj
LOAD CMakeFiles/BMI088_pro.elf.dir/Drivers/STM32F1xx_HAL_Driver/Src/stm32f1xx_hal_cortex.c.obj
LOAD CMakeFiles/BMI088_pro.elf.dir/Drivers/STM32F1xx_HAL_Driver/Src/stm32f1xx_hal_dma.c.obj
LOAD CMakeFiles/BMI088_pro.elf.dir/Drivers/STM32F1xx_HAL_Driver/Src/stm32f1xx_hal_exti.c.obj
LOAD CMakeFiles/BMI088_pro.elf.dir/Drivers/STM32F1xx_HAL_Driver/Src/stm32f1xx_hal_flash.c.obj
LOAD CMakeFiles/BMI088_pro.elf.dir/Drivers/STM32F1xx_HAL_Driver/Src/stm32f1xx_hal_flash_ex.c.obj
LOAD CMakeFiles/BMI088_pro.elf.dir/Drivers/STM32F1xx_HAL_Driver/Src/stm32f1xx_hal_gpio.c.obj
LOAD CMakeFiles/BMI088_pro.elf.dir/Drivers/STM32F1xx_HAL_Driver/Src/stm32f1xx_hal_gpio_ex.c.obj
LOAD CMakeFiles/BMI088_pro.elf.dir/Drivers/STM32F1xx_HAL_Driver/Src/stm32f1xx_hal_i2c.c.obj
LOAD CMakeFiles/BMI088_pro.elf.dir/Drivers/STM32F1xx_HAL_Driver/Src/stm32f1xx_hal_pwr.c.obj
LOAD CMakeFiles/BMI088_pro.elf.dir/Drivers/STM32F1xx_HAL_Driver/Src/stm32f1xx_hal_rcc.c.obj
LOAD CMakeFiles/BMI088_pro.elf.dir/Drivers/STM32F1xx_HAL_Driver/Src/stm32f1xx_hal_rcc_ex.c.obj
LOAD CMakeFiles/BMI088_pro.elf.dir/Drivers/STM32F1xx_HAL_Driver/Src/stm32f1xx_hal_tim.c.obj
LOAD CMakeFiles/BMI088_pro.elf.dir/Drivers/STM32F1xx_HAL_Driver/Src/stm32f1xx_hal_tim_ex.c.obj
LOAD CMakeFiles/BMI088_pro.elf.dir/Drivers/STM32F1xx_HAL_Driver/Src/stm32f1xx_hal_uart.c.obj
START GROUP
LOAD c:/progra~2/gnutoo~1/72018-~1/bin/../lib/gcc/arm-none-eabi/7.3.1/thumb/v7-m\libgcc.a
LOAD c:/progra~2/gnutoo~1/72018-~1/bin/../lib/gcc/arm-none-eabi/7.3.1/../../../../arm-none-eabi/lib/thumb/v7-m\libg.a
LOAD c:/progra~2/gnutoo~1/72018-~1/bin/../lib/gcc/arm-none-eabi/7.3.1/../../../../arm-none-eabi/lib/thumb/v7-m\libc.a
END GROUP
LOAD c:/progra~2/gnutoo~1/72018-~1/bin/../lib/gcc/arm-none-eabi/7.3.1/thumb/v7-m/crtend.o
LOAD c:/progra~2/gnutoo~1/72018-~1/bin/../lib/gcc/arm-none-eabi/7.3.1/thumb/v7-m/crtn.o
                0x20005000                _estack = (ORIGIN (RAM) + LENGTH (RAM))
                0x00000200                _Min_Heap_Size = 0x200
                0x00000400                _Min_Stack_Size = 0x400

.isr_vector     0x08000000      0x10c
                0x08000000                . = ALIGN (0x4)
 *(.isr_vector)
 .isr_vector    0x08000000      0x10c CMakeFiles/BMI088_pro.elf.dir/Core/Startup/startup_stm32f103c8tx.s.obj
                0x08000000                g_pfnVectors
                0x0800010c                . = ALIGN (0x4)

.text           0x08000110     0x8430
                0x08000110                . = ALIGN (0x4)
 *(.text)
 .text          0x08000110       0x40 c:/progra~2/gnutoo~1/72018-~1/bin/../lib/gcc/arm-none-eabi/7.3.1/thumb/v7-m/crtbegin.o
 .text          0x08000150       0xec c:/progra~2/gnutoo~1/72018-~1/bin/../lib/gcc/arm-none-eabi/7.3.1/../../../../arm-none-eabi/lib/thumb/v7-m\libg.a(lib_a-memcpy.o)
                0x08000150                memcpy
 .text          0x0800023c      0x378 c:/progra~2/gnutoo~1/72018-~1/bin/../lib/gcc/arm-none-eabi/7.3.1/thumb/v7-m\libgcc.a(_arm_addsubdf3.o)
                0x0800023c                __aeabi_drsub
                0x08000244                __aeabi_dsub
                0x08000244                __subdf3
                0x08000248                __aeabi_dadd
                0x08000248                __adddf3
                0x080004c0                __floatunsidf
                0x080004c0                __aeabi_ui2d
                0x080004e0                __floatsidf
                0x080004e0                __aeabi_i2d
                0x08000504                __aeabi_f2d
                0x08000504                __extendsfdf2
                0x08000548                __floatundidf
                0x08000548                __aeabi_ul2d
                0x08000558                __floatdidf
                0x08000558                __aeabi_l2d
 .text          0x080005b4      0x424 c:/progra~2/gnutoo~1/72018-~1/bin/../lib/gcc/arm-none-eabi/7.3.1/thumb/v7-m\libgcc.a(_arm_muldivdf3.o)
                0x080005b4                __aeabi_dmul
                0x080005b4                __muldf3
                0x08000808                __divdf3
                0x08000808                __aeabi_ddiv
 .text          0x080009d8      0x110 c:/progra~2/gnutoo~1/72018-~1/bin/../lib/gcc/arm-none-eabi/7.3.1/thumb/v7-m\libgcc.a(_arm_cmpdf2.o)
                0x080009d8                __gtdf2
                0x080009d8                __gedf2
                0x080009e0                __ltdf2
                0x080009e0                __ledf2
                0x080009e8                __nedf2
                0x080009e8                __eqdf2
                0x080009e8                __cmpdf2
                0x08000a64                __aeabi_cdrcmple
                0x08000a74                __aeabi_cdcmpeq
                0x08000a74                __aeabi_cdcmple
                0x08000a84                __aeabi_dcmpeq
                0x08000a98                __aeabi_dcmplt
                0x08000aac                __aeabi_dcmple
                0x08000ac0                __aeabi_dcmpge
                0x08000ad4                __aeabi_dcmpgt
 .text          0x08000ae8       0x2c c:/progra~2/gnutoo~1/72018-~1/bin/../lib/gcc/arm-none-eabi/7.3.1/thumb/v7-m\libgcc.a(_arm_unorddf2.o)
                0x08000ae8                __unorddf2
                0x08000ae8                __aeabi_dcmpun
 .text          0x08000b14       0x50 c:/progra~2/gnutoo~1/72018-~1/bin/../lib/gcc/arm-none-eabi/7.3.1/thumb/v7-m\libgcc.a(_arm_fixdfsi.o)
                0x08000b14                __aeabi_d2iz
                0x08000b14                __fixdfsi
 .text          0x08000b64       0x30 c:/progra~2/gnutoo~1/72018-~1/bin/../lib/gcc/arm-none-eabi/7.3.1/thumb/v7-m\libgcc.a(_aeabi_uldivmod.o)
                0x08000b64                __aeabi_uldivmod
 .text          0x08000b94      0x2d0 c:/progra~2/gnutoo~1/72018-~1/bin/../lib/gcc/arm-none-eabi/7.3.1/thumb/v7-m\libgcc.a(_udivmoddi4.o)
                0x08000b94                __udivmoddi4
 .text          0x08000e64        0x4 c:/progra~2/gnutoo~1/72018-~1/bin/../lib/gcc/arm-none-eabi/7.3.1/thumb/v7-m\libgcc.a(_dvmd_tls.o)
                0x08000e64                __aeabi_idiv0
                0x08000e64                __aeabi_ldiv0
 *(.text*)
 .text.null_ptr_check
                0x08000e68       0x34 CMakeFiles/BMI088_pro.elf.dir/Core/Src/bmi08a.c.obj
 .text.get_regs
                0x08000e9c       0x4c CMakeFiles/BMI088_pro.elf.dir/Core/Src/bmi08a.c.obj
 .text.set_regs
                0x08000ee8       0x24 CMakeFiles/BMI088_pro.elf.dir/Core/Src/bmi08a.c.obj
 .text.bmi08a_init
                0x08000f0c       0x76 CMakeFiles/BMI088_pro.elf.dir/Core/Src/bmi08a.c.obj
                0x08000f0c                bmi08a_init
 .text.bmi08a_get_regs
                0x08000f82       0x36 CMakeFiles/BMI088_pro.elf.dir/Core/Src/bmi08a.c.obj
                0x08000f82                bmi08a_get_regs
 .text.bmi08a_set_meas_conf
                0x08000fb8       0xac CMakeFiles/BMI088_pro.elf.dir/Core/Src/bmi08a.c.obj
                0x08000fb8                bmi08a_set_meas_conf
 .text.bmi08a_set_power_mode
                0x08001064       0x6a CMakeFiles/BMI088_pro.elf.dir/Core/Src/bmi08a.c.obj
                0x08001064                bmi08a_set_power_mode
 .text.bmi08a_get_data
                0x080010ce       0x5e CMakeFiles/BMI088_pro.elf.dir/Core/Src/bmi08a.c.obj
                0x080010ce                bmi08a_get_data
 .text.bmi08a_get_sensor_temperature
                0x0800112c       0x64 CMakeFiles/BMI088_pro.elf.dir/Core/Src/bmi08a.c.obj
                0x0800112c                bmi08a_get_sensor_temperature
 .text.bmi08a_get_sensor_time
                0x08001190       0x52 CMakeFiles/BMI088_pro.elf.dir/Core/Src/bmi08a.c.obj
                0x08001190                bmi08a_get_sensor_time
 .text.null_ptr_check
                0x080011e2       0x34 CMakeFiles/BMI088_pro.elf.dir/Core/Src/bmi08g.c.obj
 .text.get_regs
                0x08001216       0x24 CMakeFiles/BMI088_pro.elf.dir/Core/Src/bmi08g.c.obj
 .text.set_regs
                0x0800123a       0x72 CMakeFiles/BMI088_pro.elf.dir/Core/Src/bmi08g.c.obj
 .text.bmi08g_init
                0x080012ac       0x3e CMakeFiles/BMI088_pro.elf.dir/Core/Src/bmi08g.c.obj
                0x080012ac                bmi08g_init
 .text.bmi08g_get_regs
                0x080012ea       0x36 CMakeFiles/BMI088_pro.elf.dir/Core/Src/bmi08g.c.obj
                0x080012ea                bmi08g_get_regs
 .text.bmi08g_set_regs
                0x08001320       0x60 CMakeFiles/BMI088_pro.elf.dir/Core/Src/bmi08g.c.obj
                0x08001320                bmi08g_set_regs
 .text.bmi08g_set_meas_conf
                0x08001380       0xb0 CMakeFiles/BMI088_pro.elf.dir/Core/Src/bmi08g.c.obj
                0x08001380                bmi08g_set_meas_conf
 .text.bmi08g_set_power_mode
                0x08001430       0x7e CMakeFiles/BMI088_pro.elf.dir/Core/Src/bmi08g.c.obj
                0x08001430                bmi08g_set_power_mode
 .text.bmi08g_get_data
                0x080014ae       0x5e CMakeFiles/BMI088_pro.elf.dir/Core/Src/bmi08g.c.obj
                0x080014ae                bmi08g_get_data
 .text.user_i2c_read
                0x0800150c       0x28 CMakeFiles/BMI088_pro.elf.dir/Core/Src/main.c.obj
                0x0800150c                user_i2c_read
 .text.user_i2c_write
                0x08001534       0x28 CMakeFiles/BMI088_pro.elf.dir/Core/Src/main.c.obj
                0x08001534                user_i2c_write
 .text.user_delay_us
                0x0800155c       0x34 CMakeFiles/BMI088_pro.elf.dir/Core/Src/main.c.obj
                0x0800155c                user_delay_us
 .text.MX_GPIO_Init
                0x08001590       0x88 CMakeFiles/BMI088_pro.elf.dir/Core/Src/main.c.obj
 .text.__io_putchar
                0x08001618       0x24 CMakeFiles/BMI088_pro.elf.dir/Core/Src/main.c.obj
                0x08001618                __io_putchar
 .text.HAL_TIM_PeriodElapsedCallback
                0x0800163c       0x6c CMakeFiles/BMI088_pro.elf.dir/Core/Src/main.c.obj
                0x0800163c                HAL_TIM_PeriodElapsedCallback
 .text.Error_Handler
                0x080016a8        0x4 CMakeFiles/BMI088_pro.elf.dir/Core/Src/main.c.obj
                0x080016a8                Error_Handler
 .text.MX_I2C1_Init
                0x080016ac       0x38 CMakeFiles/BMI088_pro.elf.dir/Core/Src/main.c.obj
 .text.MX_I2C2_Init
                0x080016e4       0x38 CMakeFiles/BMI088_pro.elf.dir/Core/Src/main.c.obj
 .text.MX_USART1_UART_Init
                0x0800171c       0x34 CMakeFiles/BMI088_pro.elf.dir/Core/Src/main.c.obj
 .text.MX_TIM2_Init
                0x08001750       0x6c CMakeFiles/BMI088_pro.elf.dir/Core/Src/main.c.obj
 .text.SystemClock_Config
                0x080017bc       0x62 CMakeFiles/BMI088_pro.elf.dir/Core/Src/main.c.obj
                0x080017bc                SystemClock_Config
 *fill*         0x0800181e        0x2 
 .text.main     0x08001820       0xec CMakeFiles/BMI088_pro.elf.dir/Core/Src/main.c.obj
                0x08001820                main
 .text.HAL_MspInit
                0x0800190c       0x44 CMakeFiles/BMI088_pro.elf.dir/Core/Src/stm32f1xx_hal_msp.c.obj
                0x0800190c                HAL_MspInit
 .text.HAL_I2C_MspInit
                0x08001950       0xac CMakeFiles/BMI088_pro.elf.dir/Core/Src/stm32f1xx_hal_msp.c.obj
                0x08001950                HAL_I2C_MspInit
 .text.HAL_TIM_Base_MspInit
                0x080019fc       0x3a CMakeFiles/BMI088_pro.elf.dir/Core/Src/stm32f1xx_hal_msp.c.obj
                0x080019fc                HAL_TIM_Base_MspInit
 *fill*         0x08001a36        0x2 
 .text.HAL_UART_MspInit
                0x08001a38       0x78 CMakeFiles/BMI088_pro.elf.dir/Core/Src/stm32f1xx_hal_msp.c.obj
                0x08001a38                HAL_UART_MspInit
 .text.NMI_Handler
                0x08001ab0        0x2 CMakeFiles/BMI088_pro.elf.dir/Core/Src/stm32f1xx_it.c.obj
                0x08001ab0                NMI_Handler
 .text.HardFault_Handler
                0x08001ab2        0x2 CMakeFiles/BMI088_pro.elf.dir/Core/Src/stm32f1xx_it.c.obj
                0x08001ab2                HardFault_Handler
 .text.MemManage_Handler
                0x08001ab4        0x2 CMakeFiles/BMI088_pro.elf.dir/Core/Src/stm32f1xx_it.c.obj
                0x08001ab4                MemManage_Handler
 .text.BusFault_Handler
                0x08001ab6        0x2 CMakeFiles/BMI088_pro.elf.dir/Core/Src/stm32f1xx_it.c.obj
                0x08001ab6                BusFault_Handler
 .text.UsageFault_Handler
                0x08001ab8        0x2 CMakeFiles/BMI088_pro.elf.dir/Core/Src/stm32f1xx_it.c.obj
                0x08001ab8                UsageFault_Handler
 .text.SVC_Handler
                0x08001aba        0x2 CMakeFiles/BMI088_pro.elf.dir/Core/Src/stm32f1xx_it.c.obj
                0x08001aba                SVC_Handler
 .text.DebugMon_Handler
                0x08001abc        0x2 CMakeFiles/BMI088_pro.elf.dir/Core/Src/stm32f1xx_it.c.obj
                0x08001abc                DebugMon_Handler
 .text.PendSV_Handler
                0x08001abe        0x2 CMakeFiles/BMI088_pro.elf.dir/Core/Src/stm32f1xx_it.c.obj
                0x08001abe                PendSV_Handler
 .text.SysTick_Handler
                0x08001ac0        0x8 CMakeFiles/BMI088_pro.elf.dir/Core/Src/stm32f1xx_it.c.obj
                0x08001ac0                SysTick_Handler
 .text.TIM2_IRQHandler
                0x08001ac8       0x10 CMakeFiles/BMI088_pro.elf.dir/Core/Src/stm32f1xx_it.c.obj
                0x08001ac8                TIM2_IRQHandler
 .text._read    0x08001ad8       0x1c CMakeFiles/BMI088_pro.elf.dir/Core/Src/syscalls.c.obj
                0x08001ad8                _read
 .text._write   0x08001af4       0x1c CMakeFiles/BMI088_pro.elf.dir/Core/Src/syscalls.c.obj
                0x08001af4                _write
 .text._close   0x08001b10        0x6 CMakeFiles/BMI088_pro.elf.dir/Core/Src/syscalls.c.obj
                0x08001b10                _close
 .text._fstat   0x08001b16        0xa CMakeFiles/BMI088_pro.elf.dir/Core/Src/syscalls.c.obj
                0x08001b16                _fstat
 .text._isatty  0x08001b20        0x4 CMakeFiles/BMI088_pro.elf.dir/Core/Src/syscalls.c.obj
                0x08001b20                _isatty
 .text._lseek   0x08001b24        0x4 CMakeFiles/BMI088_pro.elf.dir/Core/Src/syscalls.c.obj
                0x08001b24                _lseek
 .text._sbrk    0x08001b28       0x48 CMakeFiles/BMI088_pro.elf.dir/Core/Src/sysmem.c.obj
                0x08001b28                _sbrk
 .text.SystemInit
                0x08001b70        0x2 CMakeFiles/BMI088_pro.elf.dir/Core/Src/system_stm32f1xx.c.obj
                0x08001b70                SystemInit
 *fill*         0x08001b72        0x2 
 .text.Reset_Handler
                0x08001b74       0x48 CMakeFiles/BMI088_pro.elf.dir/Core/Startup/startup_stm32f103c8tx.s.obj
                0x08001b74                Reset_Handler
 .text.Default_Handler
                0x08001bbc        0x2 CMakeFiles/BMI088_pro.elf.dir/Core/Startup/startup_stm32f103c8tx.s.obj
                0x08001bbc                RTC_Alarm_IRQHandler
                0x08001bbc                EXTI2_IRQHandler
                0x08001bbc                TIM1_CC_IRQHandler
                0x08001bbc                PVD_IRQHandler
                0x08001bbc                EXTI3_IRQHandler
                0x08001bbc                EXTI0_IRQHandler
                0x08001bbc                I2C2_EV_IRQHandler
                0x08001bbc                ADC1_2_IRQHandler
                0x08001bbc                SPI1_IRQHandler
                0x08001bbc                TAMPER_IRQHandler
                0x08001bbc                DMA1_Channel4_IRQHandler
                0x08001bbc                USART3_IRQHandler
                0x08001bbc                RTC_IRQHandler
                0x08001bbc                DMA1_Channel7_IRQHandler
                0x08001bbc                CAN1_RX1_IRQHandler
                0x08001bbc                TIM4_IRQHandler
                0x08001bbc                I2C1_EV_IRQHandler
                0x08001bbc                DMA1_Channel6_IRQHandler
                0x08001bbc                TIM3_IRQHandler
                0x08001bbc                RCC_IRQHandler
                0x08001bbc                TIM1_TRG_COM_IRQHandler
                0x08001bbc                DMA1_Channel1_IRQHandler
                0x08001bbc                Default_Handler
                0x08001bbc                EXTI15_10_IRQHandler
                0x08001bbc                EXTI9_5_IRQHandler
                0x08001bbc                SPI2_IRQHandler
                0x08001bbc                DMA1_Channel5_IRQHandler
                0x08001bbc                EXTI4_IRQHandler
                0x08001bbc                USB_LP_CAN1_RX0_IRQHandler
                0x08001bbc                USB_HP_CAN1_TX_IRQHandler
                0x08001bbc                DMA1_Channel3_IRQHandler
                0x08001bbc                TIM1_UP_IRQHandler
                0x08001bbc                WWDG_IRQHandler
                0x08001bbc                TIM1_BRK_IRQHandler
                0x08001bbc                EXTI1_IRQHandler
                0x08001bbc                USART2_IRQHandler
                0x08001bbc                I2C2_ER_IRQHandler
                0x08001bbc                DMA1_Channel2_IRQHandler
                0x08001bbc                CAN1_SCE_IRQHandler
                0x08001bbc                FLASH_IRQHandler
                0x08001bbc                USART1_IRQHandler
                0x08001bbc                I2C1_ER_IRQHandler
                0x08001bbc                USBWakeUp_IRQHandler
 *fill*         0x08001bbe        0x2 
 .text.HAL_InitTick
                0x08001bc0       0x4c CMakeFiles/BMI088_pro.elf.dir/Drivers/STM32F1xx_HAL_Driver/Src/stm32f1xx_hal.c.obj
                0x08001bc0                HAL_InitTick
 .text.HAL_Init
                0x08001c0c       0x24 CMakeFiles/BMI088_pro.elf.dir/Drivers/STM32F1xx_HAL_Driver/Src/stm32f1xx_hal.c.obj
                0x08001c0c                HAL_Init
 .text.HAL_IncTick
                0x08001c30       0x18 CMakeFiles/BMI088_pro.elf.dir/Drivers/STM32F1xx_HAL_Driver/Src/stm32f1xx_hal.c.obj
                0x08001c30                HAL_IncTick
 .text.HAL_GetTick
                0x08001c48        0xc CMakeFiles/BMI088_pro.elf.dir/Drivers/STM32F1xx_HAL_Driver/Src/stm32f1xx_hal.c.obj
                0x08001c48                HAL_GetTick
 .text.HAL_Delay
                0x08001c54       0x28 CMakeFiles/BMI088_pro.elf.dir/Drivers/STM32F1xx_HAL_Driver/Src/stm32f1xx_hal.c.obj
                0x08001c54                HAL_Delay
 .text.HAL_NVIC_SetPriorityGrouping
                0x08001c7c       0x24 CMakeFiles/BMI088_pro.elf.dir/Drivers/STM32F1xx_HAL_Driver/Src/stm32f1xx_hal_cortex.c.obj
                0x08001c7c                HAL_NVIC_SetPriorityGrouping
 .text.HAL_NVIC_SetPriority
                0x08001ca0       0x68 CMakeFiles/BMI088_pro.elf.dir/Drivers/STM32F1xx_HAL_Driver/Src/stm32f1xx_hal_cortex.c.obj
                0x08001ca0                HAL_NVIC_SetPriority
 .text.HAL_NVIC_EnableIRQ
                0x08001d08       0x1c CMakeFiles/BMI088_pro.elf.dir/Drivers/STM32F1xx_HAL_Driver/Src/stm32f1xx_hal_cortex.c.obj
                0x08001d08                HAL_NVIC_EnableIRQ
 .text.HAL_SYSTICK_Config
                0x08001d24       0x2c CMakeFiles/BMI088_pro.elf.dir/Drivers/STM32F1xx_HAL_Driver/Src/stm32f1xx_hal_cortex.c.obj
                0x08001d24                HAL_SYSTICK_Config
 .text.HAL_GPIO_Init
                0x08001d50      0x1d8 CMakeFiles/BMI088_pro.elf.dir/Drivers/STM32F1xx_HAL_Driver/Src/stm32f1xx_hal_gpio.c.obj
                0x08001d50                HAL_GPIO_Init
 .text.HAL_GPIO_WritePin
                0x08001f28        0xc CMakeFiles/BMI088_pro.elf.dir/Drivers/STM32F1xx_HAL_Driver/Src/stm32f1xx_hal_gpio.c.obj
                0x08001f28                HAL_GPIO_WritePin
 .text.HAL_GPIO_TogglePin
                0x08001f34       0x12 CMakeFiles/BMI088_pro.elf.dir/Drivers/STM32F1xx_HAL_Driver/Src/stm32f1xx_hal_gpio.c.obj
                0x08001f34                HAL_GPIO_TogglePin
 .text.I2C_IsAcknowledgeFailed
                0x08001f46       0x32 CMakeFiles/BMI088_pro.elf.dir/Drivers/STM32F1xx_HAL_Driver/Src/stm32f1xx_hal_i2c.c.obj
 .text.I2C_WaitOnFlagUntilTimeout
                0x08001f78       0x70 CMakeFiles/BMI088_pro.elf.dir/Drivers/STM32F1xx_HAL_Driver/Src/stm32f1xx_hal_i2c.c.obj
 .text.I2C_WaitOnMasterAddressFlagUntilTimeout
                0x08001fe8       0xa4 CMakeFiles/BMI088_pro.elf.dir/Drivers/STM32F1xx_HAL_Driver/Src/stm32f1xx_hal_i2c.c.obj
 .text.I2C_WaitOnTXEFlagUntilTimeout
                0x0800208c       0x54 CMakeFiles/BMI088_pro.elf.dir/Drivers/STM32F1xx_HAL_Driver/Src/stm32f1xx_hal_i2c.c.obj
 .text.I2C_RequestMemoryWrite
                0x080020e0       0xdc CMakeFiles/BMI088_pro.elf.dir/Drivers/STM32F1xx_HAL_Driver/Src/stm32f1xx_hal_i2c.c.obj
 .text.I2C_RequestMemoryRead
                0x080021bc      0x160 CMakeFiles/BMI088_pro.elf.dir/Drivers/STM32F1xx_HAL_Driver/Src/stm32f1xx_hal_i2c.c.obj
 .text.I2C_WaitOnBTFFlagUntilTimeout
                0x0800231c       0x54 CMakeFiles/BMI088_pro.elf.dir/Drivers/STM32F1xx_HAL_Driver/Src/stm32f1xx_hal_i2c.c.obj
 .text.I2C_WaitOnRXNEFlagUntilTimeout
                0x08002370       0x6a CMakeFiles/BMI088_pro.elf.dir/Drivers/STM32F1xx_HAL_Driver/Src/stm32f1xx_hal_i2c.c.obj
 *fill*         0x080023da        0x2 
 .text.HAL_I2C_Init
                0x080023dc      0x1b4 CMakeFiles/BMI088_pro.elf.dir/Drivers/STM32F1xx_HAL_Driver/Src/stm32f1xx_hal_i2c.c.obj
                0x080023dc                HAL_I2C_Init
 .text.HAL_I2C_Mem_Write
                0x08002590      0x168 CMakeFiles/BMI088_pro.elf.dir/Drivers/STM32F1xx_HAL_Driver/Src/stm32f1xx_hal_i2c.c.obj
                0x08002590                HAL_I2C_Mem_Write
 .text.HAL_I2C_Mem_Read
                0x080026f8      0x334 CMakeFiles/BMI088_pro.elf.dir/Drivers/STM32F1xx_HAL_Driver/Src/stm32f1xx_hal_i2c.c.obj
                0x080026f8                HAL_I2C_Mem_Read
 .text.RCC_Delay
                0x08002a2c       0x2c CMakeFiles/BMI088_pro.elf.dir/Drivers/STM32F1xx_HAL_Driver/Src/stm32f1xx_hal_rcc.c.obj
 .text.HAL_RCC_OscConfig
                0x08002a58      0x410 CMakeFiles/BMI088_pro.elf.dir/Drivers/STM32F1xx_HAL_Driver/Src/stm32f1xx_hal_rcc.c.obj
                0x08002a58                HAL_RCC_OscConfig
 .text.HAL_RCC_GetSysClockFreq
                0x08002e68       0x70 CMakeFiles/BMI088_pro.elf.dir/Drivers/STM32F1xx_HAL_Driver/Src/stm32f1xx_hal_rcc.c.obj
                0x08002e68                HAL_RCC_GetSysClockFreq
 .text.HAL_RCC_ClockConfig
                0x08002ed8      0x168 CMakeFiles/BMI088_pro.elf.dir/Drivers/STM32F1xx_HAL_Driver/Src/stm32f1xx_hal_rcc.c.obj
                0x08002ed8                HAL_RCC_ClockConfig
 .text.HAL_RCC_GetHCLKFreq
                0x08003040        0xc CMakeFiles/BMI088_pro.elf.dir/Drivers/STM32F1xx_HAL_Driver/Src/stm32f1xx_hal_rcc.c.obj
                0x08003040                HAL_RCC_GetHCLKFreq
 .text.HAL_RCC_GetPCLK1Freq
                0x0800304c       0x20 CMakeFiles/BMI088_pro.elf.dir/Drivers/STM32F1xx_HAL_Driver/Src/stm32f1xx_hal_rcc.c.obj
                0x0800304c                HAL_RCC_GetPCLK1Freq
 .text.HAL_RCC_GetPCLK2Freq
                0x0800306c       0x20 CMakeFiles/BMI088_pro.elf.dir/Drivers/STM32F1xx_HAL_Driver/Src/stm32f1xx_hal_rcc.c.obj
                0x0800306c                HAL_RCC_GetPCLK2Freq
 .text.TIM_TI1_ConfigInputStage
                0x0800308c       0x24 CMakeFiles/BMI088_pro.elf.dir/Drivers/STM32F1xx_HAL_Driver/Src/stm32f1xx_hal_tim.c.obj
 .text.TIM_TI2_ConfigInputStage
                0x080030b0       0x26 CMakeFiles/BMI088_pro.elf.dir/Drivers/STM32F1xx_HAL_Driver/Src/stm32f1xx_hal_tim.c.obj
 .text.TIM_ITRx_SetConfig
                0x080030d6       0x10 CMakeFiles/BMI088_pro.elf.dir/Drivers/STM32F1xx_HAL_Driver/Src/stm32f1xx_hal_tim.c.obj
 *fill*         0x080030e6        0x2 
 .text.HAL_TIM_Base_Start_IT
                0x080030e8       0x68 CMakeFiles/BMI088_pro.elf.dir/Drivers/STM32F1xx_HAL_Driver/Src/stm32f1xx_hal_tim.c.obj
                0x080030e8                HAL_TIM_Base_Start_IT
 .text.HAL_TIM_OC_DelayElapsedCallback
                0x08003150        0x2 CMakeFiles/BMI088_pro.elf.dir/Drivers/STM32F1xx_HAL_Driver/Src/stm32f1xx_hal_tim.c.obj
                0x08003150                HAL_TIM_OC_DelayElapsedCallback
 .text.HAL_TIM_IC_CaptureCallback
                0x08003152        0x2 CMakeFiles/BMI088_pro.elf.dir/Drivers/STM32F1xx_HAL_Driver/Src/stm32f1xx_hal_tim.c.obj
                0x08003152                HAL_TIM_IC_CaptureCallback
 .text.HAL_TIM_PWM_PulseFinishedCallback
                0x08003154        0x2 CMakeFiles/BMI088_pro.elf.dir/Drivers/STM32F1xx_HAL_Driver/Src/stm32f1xx_hal_tim.c.obj
                0x08003154                HAL_TIM_PWM_PulseFinishedCallback
 .text.HAL_TIM_TriggerCallback
                0x08003156        0x2 CMakeFiles/BMI088_pro.elf.dir/Drivers/STM32F1xx_HAL_Driver/Src/stm32f1xx_hal_tim.c.obj
                0x08003156                HAL_TIM_TriggerCallback
 .text.HAL_TIM_IRQHandler
                0x08003158      0x17a CMakeFiles/BMI088_pro.elf.dir/Drivers/STM32F1xx_HAL_Driver/Src/stm32f1xx_hal_tim.c.obj
                0x08003158                HAL_TIM_IRQHandler
 *fill*         0x080032d2        0x2 
 .text.TIM_Base_SetConfig
                0x080032d4       0x74 CMakeFiles/BMI088_pro.elf.dir/Drivers/STM32F1xx_HAL_Driver/Src/stm32f1xx_hal_tim.c.obj
                0x080032d4                TIM_Base_SetConfig
 .text.HAL_TIM_Base_Init
                0x08003348       0x56 CMakeFiles/BMI088_pro.elf.dir/Drivers/STM32F1xx_HAL_Driver/Src/stm32f1xx_hal_tim.c.obj
                0x08003348                HAL_TIM_Base_Init
 .text.TIM_ETR_SetConfig
                0x0800339e       0x16 CMakeFiles/BMI088_pro.elf.dir/Drivers/STM32F1xx_HAL_Driver/Src/stm32f1xx_hal_tim.c.obj
                0x0800339e                TIM_ETR_SetConfig
 .text.HAL_TIM_ConfigClockSource
                0x080033b4       0xda CMakeFiles/BMI088_pro.elf.dir/Drivers/STM32F1xx_HAL_Driver/Src/stm32f1xx_hal_tim.c.obj
                0x080033b4                HAL_TIM_ConfigClockSource
 *fill*         0x0800348e        0x2 
 .text.HAL_TIMEx_MasterConfigSynchronization
                0x08003490       0x68 CMakeFiles/BMI088_pro.elf.dir/Drivers/STM32F1xx_HAL_Driver/Src/stm32f1xx_hal_tim_ex.c.obj
                0x08003490                HAL_TIMEx_MasterConfigSynchronization
 .text.HAL_TIMEx_CommutCallback
                0x080034f8        0x2 CMakeFiles/BMI088_pro.elf.dir/Drivers/STM32F1xx_HAL_Driver/Src/stm32f1xx_hal_tim_ex.c.obj
                0x080034f8                HAL_TIMEx_CommutCallback
 .text.HAL_TIMEx_BreakCallback
                0x080034fa        0x2 CMakeFiles/BMI088_pro.elf.dir/Drivers/STM32F1xx_HAL_Driver/Src/stm32f1xx_hal_tim_ex.c.obj
                0x080034fa                HAL_TIMEx_BreakCallback
 .text.UART_SetConfig
                0x080034fc       0x90 CMakeFiles/BMI088_pro.elf.dir/Drivers/STM32F1xx_HAL_Driver/Src/stm32f1xx_hal_uart.c.obj
 .text.UART_WaitOnFlagUntilTimeout
                0x0800358c       0x62 CMakeFiles/BMI088_pro.elf.dir/Drivers/STM32F1xx_HAL_Driver/Src/stm32f1xx_hal_uart.c.obj
 .text.HAL_UART_Init
                0x080035ee       0x5e CMakeFiles/BMI088_pro.elf.dir/Drivers/STM32F1xx_HAL_Driver/Src/stm32f1xx_hal_uart.c.obj
                0x080035ee                HAL_UART_Init
 .text.HAL_UART_Transmit
                0x0800364c       0xda CMakeFiles/BMI088_pro.elf.dir/Drivers/STM32F1xx_HAL_Driver/Src/stm32f1xx_hal_uart.c.obj
                0x0800364c                HAL_UART_Transmit
 *fill*         0x08003726        0x2 
 .text.__errno  0x08003728        0xc c:/progra~2/gnutoo~1/72018-~1/bin/../lib/gcc/arm-none-eabi/7.3.1/../../../../arm-none-eabi/lib/thumb/v7-m\libg.a(lib_a-errno.o)
                0x08003728                __errno
 .text.__libc_init_array
                0x08003734       0x48 c:/progra~2/gnutoo~1/72018-~1/bin/../lib/gcc/arm-none-eabi/7.3.1/../../../../arm-none-eabi/lib/thumb/v7-m\libg.a(lib_a-init.o)
                0x08003734                __libc_init_array
 .text.memset   0x0800377c       0x94 c:/progra~2/gnutoo~1/72018-~1/bin/../lib/gcc/arm-none-eabi/7.3.1/../../../../arm-none-eabi/lib/thumb/v7-m\libg.a(lib_a-memset.o)
                0x0800377c                memset
 .text.printf   0x08003810       0x28 c:/progra~2/gnutoo~1/72018-~1/bin/../lib/gcc/arm-none-eabi/7.3.1/../../../../arm-none-eabi/lib/thumb/v7-m\libg.a(lib_a-printf.o)
                0x08003810                printf
 .text._vfprintf_r
                0x08003838     0x1ac0 c:/progra~2/gnutoo~1/72018-~1/bin/../lib/gcc/arm-none-eabi/7.3.1/../../../../arm-none-eabi/lib/thumb/v7-m\libg.a(lib_a-vfprintf.o)
                0x08003838                _vfprintf_r
 .text.__sbprintf
                0x080052f8       0x88 c:/progra~2/gnutoo~1/72018-~1/bin/../lib/gcc/arm-none-eabi/7.3.1/../../../../arm-none-eabi/lib/thumb/v7-m\libg.a(lib_a-vfprintf.o)
 .text.__swsetup_r
                0x08005380       0xcc c:/progra~2/gnutoo~1/72018-~1/bin/../lib/gcc/arm-none-eabi/7.3.1/../../../../arm-none-eabi/lib/thumb/v7-m\libg.a(lib_a-wsetup.o)
                0x08005380                __swsetup_r
 .text.startup.register_fini
                0x0800544c       0x14 c:/progra~2/gnutoo~1/72018-~1/bin/../lib/gcc/arm-none-eabi/7.3.1/../../../../arm-none-eabi/lib/thumb/v7-m\libg.a(lib_a-__call_atexit.o)
 .text.atexit   0x08005460        0xc c:/progra~2/gnutoo~1/72018-~1/bin/../lib/gcc/arm-none-eabi/7.3.1/../../../../arm-none-eabi/lib/thumb/v7-m\libg.a(lib_a-atexit.o)
                0x08005460                atexit
 .text.quorem   0x0800546c      0x124 c:/progra~2/gnutoo~1/72018-~1/bin/../lib/gcc/arm-none-eabi/7.3.1/../../../../arm-none-eabi/lib/thumb/v7-m\libg.a(lib_a-dtoa.o)
 .text._dtoa_r  0x08005590      0xe30 c:/progra~2/gnutoo~1/72018-~1/bin/../lib/gcc/arm-none-eabi/7.3.1/../../../../arm-none-eabi/lib/thumb/v7-m\libg.a(lib_a-dtoa.o)
                0x08005590                _dtoa_r
 .text.__sflush_r
                0x080063c0      0x154 c:/progra~2/gnutoo~1/72018-~1/bin/../lib/gcc/arm-none-eabi/7.3.1/../../../../arm-none-eabi/lib/thumb/v7-m\libg.a(lib_a-fflush.o)
                0x080063c0                __sflush_r
 .text._fflush_r
                0x08006514       0x5c c:/progra~2/gnutoo~1/72018-~1/bin/../lib/gcc/arm-none-eabi/7.3.1/../../../../arm-none-eabi/lib/thumb/v7-m\libg.a(lib_a-fflush.o)
                0x08006514                _fflush_r
 .text.std      0x08006570       0x50 c:/progra~2/gnutoo~1/72018-~1/bin/../lib/gcc/arm-none-eabi/7.3.1/../../../../arm-none-eabi/lib/thumb/v7-m\libg.a(lib_a-findfp.o)
 .text._cleanup_r
                0x080065c0        0xc c:/progra~2/gnutoo~1/72018-~1/bin/../lib/gcc/arm-none-eabi/7.3.1/../../../../arm-none-eabi/lib/thumb/v7-m\libg.a(lib_a-findfp.o)
                0x080065c0                _cleanup_r
 .text.__sinit  0x080065cc       0x60 c:/progra~2/gnutoo~1/72018-~1/bin/../lib/gcc/arm-none-eabi/7.3.1/../../../../arm-none-eabi/lib/thumb/v7-m\libg.a(lib_a-findfp.o)
                0x080065cc                __sinit
 .text.__sfp_lock_acquire
                0x0800662c        0xc c:/progra~2/gnutoo~1/72018-~1/bin/../lib/gcc/arm-none-eabi/7.3.1/../../../../arm-none-eabi/lib/thumb/v7-m\libg.a(lib_a-findfp.o)
                0x0800662c                __sfp_lock_acquire
 .text.__sfp_lock_release
                0x08006638        0xc c:/progra~2/gnutoo~1/72018-~1/bin/../lib/gcc/arm-none-eabi/7.3.1/../../../../arm-none-eabi/lib/thumb/v7-m\libg.a(lib_a-findfp.o)
                0x08006638                __sfp_lock_release
 .text.__libc_fini_array
                0x08006644       0x34 c:/progra~2/gnutoo~1/72018-~1/bin/../lib/gcc/arm-none-eabi/7.3.1/../../../../arm-none-eabi/lib/thumb/v7-m\libg.a(lib_a-fini.o)
                0x08006644                __libc_fini_array
 .text._malloc_trim_r
                0x08006678       0xa0 c:/progra~2/gnutoo~1/72018-~1/bin/../lib/gcc/arm-none-eabi/7.3.1/../../../../arm-none-eabi/lib/thumb/v7-m\libg.a(lib_a-freer.o)
                0x08006678                _malloc_trim_r
 .text._free_r  0x08006718      0x1e8 c:/progra~2/gnutoo~1/72018-~1/bin/../lib/gcc/arm-none-eabi/7.3.1/../../../../arm-none-eabi/lib/thumb/v7-m\libg.a(lib_a-freer.o)
                0x08006718                _free_r
 .text._fwalk_reent
                0x08006900       0x50 c:/progra~2/gnutoo~1/72018-~1/bin/../lib/gcc/arm-none-eabi/7.3.1/../../../../arm-none-eabi/lib/thumb/v7-m\libg.a(lib_a-fwalk.o)
                0x08006900                _fwalk_reent
 .text._localeconv_r
                0x08006950       0x1c c:/progra~2/gnutoo~1/72018-~1/bin/../lib/gcc/arm-none-eabi/7.3.1/../../../../arm-none-eabi/lib/thumb/v7-m\libg.a(lib_a-localeconv.o)
                0x08006950                _localeconv_r
 .text.__retarget_lock_init_recursive
                0x0800696c        0x4 c:/progra~2/gnutoo~1/72018-~1/bin/../lib/gcc/arm-none-eabi/7.3.1/../../../../arm-none-eabi/lib/thumb/v7-m\libg.a(lib_a-lock.o)
                0x0800696c                __retarget_lock_init_recursive
 .text.__retarget_lock_close_recursive
                0x08006970        0x4 c:/progra~2/gnutoo~1/72018-~1/bin/../lib/gcc/arm-none-eabi/7.3.1/../../../../arm-none-eabi/lib/thumb/v7-m\libg.a(lib_a-lock.o)
                0x08006970                __retarget_lock_close_recursive
 .text.__retarget_lock_acquire_recursive
                0x08006974        0x4 c:/progra~2/gnutoo~1/72018-~1/bin/../lib/gcc/arm-none-eabi/7.3.1/../../../../arm-none-eabi/lib/thumb/v7-m\libg.a(lib_a-lock.o)
                0x08006974                __retarget_lock_acquire_recursive
 .text.__retarget_lock_release_recursive
                0x08006978        0x4 c:/progra~2/gnutoo~1/72018-~1/bin/../lib/gcc/arm-none-eabi/7.3.1/../../../../arm-none-eabi/lib/thumb/v7-m\libg.a(lib_a-lock.o)
                0x08006978                __retarget_lock_release_recursive
 .text.__swhatbuf_r
                0x0800697c       0x5c c:/progra~2/gnutoo~1/72018-~1/bin/../lib/gcc/arm-none-eabi/7.3.1/../../../../arm-none-eabi/lib/thumb/v7-m\libg.a(lib_a-makebuf.o)
                0x0800697c                __swhatbuf_r
 .text.__smakebuf_r
                0x080069d8       0x94 c:/progra~2/gnutoo~1/72018-~1/bin/../lib/gcc/arm-none-eabi/7.3.1/../../../../arm-none-eabi/lib/thumb/v7-m\libg.a(lib_a-makebuf.o)
                0x080069d8                __smakebuf_r
 .text._malloc_r
                0x08006a6c      0x524 c:/progra~2/gnutoo~1/72018-~1/bin/../lib/gcc/arm-none-eabi/7.3.1/../../../../arm-none-eabi/lib/thumb/v7-m\libg.a(lib_a-mallocr.o)
                0x08006a6c                _malloc_r
 .text.memchr   0x08006f90       0x8c c:/progra~2/gnutoo~1/72018-~1/bin/../lib/gcc/arm-none-eabi/7.3.1/../../../../arm-none-eabi/lib/thumb/v7-m\libg.a(lib_a-memchr-stub.o)
                0x08006f90                memchr
 .text.__malloc_lock
                0x0800701c        0xc c:/progra~2/gnutoo~1/72018-~1/bin/../lib/gcc/arm-none-eabi/7.3.1/../../../../arm-none-eabi/lib/thumb/v7-m\libg.a(lib_a-mlock.o)
                0x0800701c                __malloc_lock
 .text.__malloc_unlock
                0x08007028        0xc c:/progra~2/gnutoo~1/72018-~1/bin/../lib/gcc/arm-none-eabi/7.3.1/../../../../arm-none-eabi/lib/thumb/v7-m\libg.a(lib_a-mlock.o)
                0x08007028                __malloc_unlock
 .text._Balloc  0x08007034       0x4c c:/progra~2/gnutoo~1/72018-~1/bin/../lib/gcc/arm-none-eabi/7.3.1/../../../../arm-none-eabi/lib/thumb/v7-m\libg.a(lib_a-mprec.o)
                0x08007034                _Balloc
 .text._Bfree   0x08007080       0x14 c:/progra~2/gnutoo~1/72018-~1/bin/../lib/gcc/arm-none-eabi/7.3.1/../../../../arm-none-eabi/lib/thumb/v7-m\libg.a(lib_a-mprec.o)
                0x08007080                _Bfree
 .text.__multadd
                0x08007094       0x84 c:/progra~2/gnutoo~1/72018-~1/bin/../lib/gcc/arm-none-eabi/7.3.1/../../../../arm-none-eabi/lib/thumb/v7-m\libg.a(lib_a-mprec.o)
                0x08007094                __multadd
 .text.__hi0bits
                0x08007118       0x40 c:/progra~2/gnutoo~1/72018-~1/bin/../lib/gcc/arm-none-eabi/7.3.1/../../../../arm-none-eabi/lib/thumb/v7-m\libg.a(lib_a-mprec.o)
                0x08007118                __hi0bits
 .text.__lo0bits
                0x08007158       0x60 c:/progra~2/gnutoo~1/72018-~1/bin/../lib/gcc/arm-none-eabi/7.3.1/../../../../arm-none-eabi/lib/thumb/v7-m\libg.a(lib_a-mprec.o)
                0x08007158                __lo0bits
 .text.__i2b    0x080071b8       0x14 c:/progra~2/gnutoo~1/72018-~1/bin/../lib/gcc/arm-none-eabi/7.3.1/../../../../arm-none-eabi/lib/thumb/v7-m\libg.a(lib_a-mprec.o)
                0x080071b8                __i2b
 .text.__multiply
                0x080071cc      0x14c c:/progra~2/gnutoo~1/72018-~1/bin/../lib/gcc/arm-none-eabi/7.3.1/../../../../arm-none-eabi/lib/thumb/v7-m\libg.a(lib_a-mprec.o)
                0x080071cc                __multiply
 .text.__pow5mult
                0x08007318       0xa0 c:/progra~2/gnutoo~1/72018-~1/bin/../lib/gcc/arm-none-eabi/7.3.1/../../../../arm-none-eabi/lib/thumb/v7-m\libg.a(lib_a-mprec.o)
                0x08007318                __pow5mult
 .text.__lshift
                0x080073b8       0xb4 c:/progra~2/gnutoo~1/72018-~1/bin/../lib/gcc/arm-none-eabi/7.3.1/../../../../arm-none-eabi/lib/thumb/v7-m\libg.a(lib_a-mprec.o)
                0x080073b8                __lshift
 .text.__mcmp   0x0800746c       0x38 c:/progra~2/gnutoo~1/72018-~1/bin/../lib/gcc/arm-none-eabi/7.3.1/../../../../arm-none-eabi/lib/thumb/v7-m\libg.a(lib_a-mprec.o)
                0x0800746c                __mcmp
 .text.__mdiff  0x080074a4      0x100 c:/progra~2/gnutoo~1/72018-~1/bin/../lib/gcc/arm-none-eabi/7.3.1/../../../../arm-none-eabi/lib/thumb/v7-m\libg.a(lib_a-mprec.o)
                0x080074a4                __mdiff
 .text.__d2b    0x080075a4       0xb0 c:/progra~2/gnutoo~1/72018-~1/bin/../lib/gcc/arm-none-eabi/7.3.1/../../../../arm-none-eabi/lib/thumb/v7-m\libg.a(lib_a-mprec.o)
                0x080075a4                __d2b
 .text.frexp    0x08007654       0x64 c:/progra~2/gnutoo~1/72018-~1/bin/../lib/gcc/arm-none-eabi/7.3.1/../../../../arm-none-eabi/lib/thumb/v7-m\libg.a(lib_a-s_frexp.o)
                0x08007654                frexp
 .text._sbrk_r  0x080076b8       0x24 c:/progra~2/gnutoo~1/72018-~1/bin/../lib/gcc/arm-none-eabi/7.3.1/../../../../arm-none-eabi/lib/thumb/v7-m\libg.a(lib_a-sbrkr.o)
                0x080076b8                _sbrk_r
 .text.__sread  0x080076dc       0x24 c:/progra~2/gnutoo~1/72018-~1/bin/../lib/gcc/arm-none-eabi/7.3.1/../../../../arm-none-eabi/lib/thumb/v7-m\libg.a(lib_a-stdio.o)
                0x080076dc                __sread
 .text.__swrite
                0x08007700       0x3c c:/progra~2/gnutoo~1/72018-~1/bin/../lib/gcc/arm-none-eabi/7.3.1/../../../../arm-none-eabi/lib/thumb/v7-m\libg.a(lib_a-stdio.o)
                0x08007700                __swrite
 .text.__sseek  0x0800773c       0x20 c:/progra~2/gnutoo~1/72018-~1/bin/../lib/gcc/arm-none-eabi/7.3.1/../../../../arm-none-eabi/lib/thumb/v7-m\libg.a(lib_a-stdio.o)
                0x0800773c                __sseek
 .text.__sclose
                0x0800775c        0x8 c:/progra~2/gnutoo~1/72018-~1/bin/../lib/gcc/arm-none-eabi/7.3.1/../../../../arm-none-eabi/lib/thumb/v7-m\libg.a(lib_a-stdio.o)
                0x0800775c                __sclose
 .text.strlen   0x08007764       0x5c c:/progra~2/gnutoo~1/72018-~1/bin/../lib/gcc/arm-none-eabi/7.3.1/../../../../arm-none-eabi/lib/thumb/v7-m\libg.a(lib_a-strlen-stub.o)
                0x08007764                strlen
 .text.strncpy  0x080077c0       0x64 c:/progra~2/gnutoo~1/72018-~1/bin/../lib/gcc/arm-none-eabi/7.3.1/../../../../arm-none-eabi/lib/thumb/v7-m\libg.a(lib_a-strncpy.o)
                0x080077c0                strncpy
 .text.__sprint_r.part.0
                0x08007824       0x78 c:/progra~2/gnutoo~1/72018-~1/bin/../lib/gcc/arm-none-eabi/7.3.1/../../../../arm-none-eabi/lib/thumb/v7-m\libg.a(lib_a-vfiprintf.o)
 .text.__sprint_r
                0x0800789c       0x14 c:/progra~2/gnutoo~1/72018-~1/bin/../lib/gcc/arm-none-eabi/7.3.1/../../../../arm-none-eabi/lib/thumb/v7-m\libg.a(lib_a-vfiprintf.o)
                0x0800789c                __sprint_r
 .text._write_r
                0x080078b0       0x2c c:/progra~2/gnutoo~1/72018-~1/bin/../lib/gcc/arm-none-eabi/7.3.1/../../../../arm-none-eabi/lib/thumb/v7-m\libg.a(lib_a-writer.o)
                0x080078b0                _write_r
 .text.__register_exitproc
                0x080078dc       0xc0 c:/progra~2/gnutoo~1/72018-~1/bin/../lib/gcc/arm-none-eabi/7.3.1/../../../../arm-none-eabi/lib/thumb/v7-m\libg.a(lib_a-__atexit.o)
                0x080078dc                __register_exitproc
 .text._calloc_r
                0x0800799c       0x6c c:/progra~2/gnutoo~1/72018-~1/bin/../lib/gcc/arm-none-eabi/7.3.1/../../../../arm-none-eabi/lib/thumb/v7-m\libg.a(lib_a-callocr.o)
                0x0800799c                _calloc_r
 .text._close_r
                0x08007a08       0x24 c:/progra~2/gnutoo~1/72018-~1/bin/../lib/gcc/arm-none-eabi/7.3.1/../../../../arm-none-eabi/lib/thumb/v7-m\libg.a(lib_a-closer.o)
                0x08007a08                _close_r
 .text._fclose_r
                0x08007a2c       0xd0 c:/progra~2/gnutoo~1/72018-~1/bin/../lib/gcc/arm-none-eabi/7.3.1/../../../../arm-none-eabi/lib/thumb/v7-m\libg.a(lib_a-fclose.o)
                0x08007a2c                _fclose_r
 .text.__fputwc
                0x08007afc       0x94 c:/progra~2/gnutoo~1/72018-~1/bin/../lib/gcc/arm-none-eabi/7.3.1/../../../../arm-none-eabi/lib/thumb/v7-m\libg.a(lib_a-fputwc.o)
                0x08007afc                __fputwc
 .text._fputwc_r
                0x08007b90       0x64 c:/progra~2/gnutoo~1/72018-~1/bin/../lib/gcc/arm-none-eabi/7.3.1/../../../../arm-none-eabi/lib/thumb/v7-m\libg.a(lib_a-fputwc.o)
                0x08007b90                _fputwc_r
 .text._fstat_r
                0x08007bf4       0x28 c:/progra~2/gnutoo~1/72018-~1/bin/../lib/gcc/arm-none-eabi/7.3.1/../../../../arm-none-eabi/lib/thumb/v7-m\libg.a(lib_a-fstatr.o)
                0x08007bf4                _fstat_r
 .text.__sfvwrite_r
                0x08007c1c      0x2f4 c:/progra~2/gnutoo~1/72018-~1/bin/../lib/gcc/arm-none-eabi/7.3.1/../../../../arm-none-eabi/lib/thumb/v7-m\libg.a(lib_a-fvwrite.o)
                0x08007c1c                __sfvwrite_r
 .text._isatty_r
                0x08007f10       0x24 c:/progra~2/gnutoo~1/72018-~1/bin/../lib/gcc/arm-none-eabi/7.3.1/../../../../arm-none-eabi/lib/thumb/v7-m\libg.a(lib_a-isattyr.o)
                0x08007f10                _isatty_r
 .text.__locale_mb_cur_max
                0x08007f34       0x1c c:/progra~2/gnutoo~1/72018-~1/bin/../lib/gcc/arm-none-eabi/7.3.1/../../../../arm-none-eabi/lib/thumb/v7-m\libg.a(lib_a-locale.o)
                0x08007f34                __locale_mb_cur_max
 .text._lseek_r
                0x08007f50       0x2c c:/progra~2/gnutoo~1/72018-~1/bin/../lib/gcc/arm-none-eabi/7.3.1/../../../../arm-none-eabi/lib/thumb/v7-m\libg.a(lib_a-lseekr.o)
                0x08007f50                _lseek_r
 .text.__ascii_mbtowc
                0x08007f7c       0x2c c:/progra~2/gnutoo~1/72018-~1/bin/../lib/gcc/arm-none-eabi/7.3.1/../../../../arm-none-eabi/lib/thumb/v7-m\libg.a(lib_a-mbtowc_r.o)
                0x08007f7c                __ascii_mbtowc
 .text.memmove  0x08007fa8       0xc4 c:/progra~2/gnutoo~1/72018-~1/bin/../lib/gcc/arm-none-eabi/7.3.1/../../../../arm-none-eabi/lib/thumb/v7-m\libg.a(lib_a-memmove.o)
                0x08007fa8                memmove
 .text._read_r  0x0800806c       0x2c c:/progra~2/gnutoo~1/72018-~1/bin/../lib/gcc/arm-none-eabi/7.3.1/../../../../arm-none-eabi/lib/thumb/v7-m\libg.a(lib_a-readr.o)
                0x0800806c                _read_r
 .text._realloc_r
                0x08008098      0x374 c:/progra~2/gnutoo~1/72018-~1/bin/../lib/gcc/arm-none-eabi/7.3.1/../../../../arm-none-eabi/lib/thumb/v7-m\libg.a(lib_a-reallocr.o)
                0x08008098                _realloc_r
 .text.__swbuf_r
                0x0800840c       0xb0 c:/progra~2/gnutoo~1/72018-~1/bin/../lib/gcc/arm-none-eabi/7.3.1/../../../../arm-none-eabi/lib/thumb/v7-m\libg.a(lib_a-wbuf.o)
                0x0800840c                __swbuf_r
 .text._wcrtomb_r
                0x080084bc       0x54 c:/progra~2/gnutoo~1/72018-~1/bin/../lib/gcc/arm-none-eabi/7.3.1/../../../../arm-none-eabi/lib/thumb/v7-m\libg.a(lib_a-wcrtomb.o)
                0x080084bc                _wcrtomb_r
 .text.__ascii_wctomb
                0x08008510       0x18 c:/progra~2/gnutoo~1/72018-~1/bin/../lib/gcc/arm-none-eabi/7.3.1/../../../../arm-none-eabi/lib/thumb/v7-m\libg.a(lib_a-wctomb_r.o)
                0x08008510                __ascii_wctomb
 *(.glue_7)
 .glue_7        0x08008528        0x0 linker stubs
 *(.glue_7t)
 .glue_7t       0x08008528        0x0 linker stubs
 *(.eh_frame)
 .eh_frame      0x08008528        0x0 c:/progra~2/gnutoo~1/72018-~1/bin/../lib/gcc/arm-none-eabi/7.3.1/thumb/v7-m/crtbegin.o
 *(.init)
 .init          0x08008528        0x4 c:/progra~2/gnutoo~1/72018-~1/bin/../lib/gcc/arm-none-eabi/7.3.1/thumb/v7-m/crti.o
                0x08008528                _init
 .init          0x0800852c        0x8 c:/progra~2/gnutoo~1/72018-~1/bin/../lib/gcc/arm-none-eabi/7.3.1/thumb/v7-m/crtn.o
 *(.fini)
 .fini          0x08008534        0x4 c:/progra~2/gnutoo~1/72018-~1/bin/../lib/gcc/arm-none-eabi/7.3.1/thumb/v7-m/crti.o
                0x08008534                _fini
 .fini          0x08008538        0x8 c:/progra~2/gnutoo~1/72018-~1/bin/../lib/gcc/arm-none-eabi/7.3.1/thumb/v7-m/crtn.o
                0x08008540                . = ALIGN (0x4)
                0x08008540                _etext = .

.vfp11_veneer   0x08008540        0x0
 .vfp11_veneer  0x08008540        0x0 linker stubs

.v4_bx          0x08008540        0x0
 .v4_bx         0x08008540        0x0 linker stubs

.iplt           0x08008540        0x0
 .iplt          0x08008540        0x0 c:/progra~2/gnutoo~1/72018-~1/bin/../lib/gcc/arm-none-eabi/7.3.1/thumb/v7-m/crtbegin.o

.rodata         0x08008540      0x2c0
                0x08008540                . = ALIGN (0x4)
 *(.rodata)
 .rodata        0x08008540       0x12 CMakeFiles/BMI088_pro.elf.dir/Drivers/STM32F1xx_HAL_Driver/Src/stm32f1xx_hal_rcc.c.obj
 *(.rodata*)
 *fill*         0x08008552        0x2 
 .rodata.HAL_TIM_PeriodElapsedCallback.str1.4
                0x08008554        0x5 CMakeFiles/BMI088_pro.elf.dir/Core/Src/main.c.obj
 *fill*         0x08008559        0x3 
 .rodata.AHBPrescTable
                0x0800855c       0x10 CMakeFiles/BMI088_pro.elf.dir/Core/Src/system_stm32f1xx.c.obj
                0x0800855c                AHBPrescTable
 .rodata.APBPrescTable
                0x0800856c        0x8 CMakeFiles/BMI088_pro.elf.dir/Core/Src/system_stm32f1xx.c.obj
                0x0800856c                APBPrescTable
 .rodata._global_impure_ptr
                0x08008574        0x4 c:/progra~2/gnutoo~1/72018-~1/bin/../lib/gcc/arm-none-eabi/7.3.1/../../../../arm-none-eabi/lib/thumb/v7-m\libg.a(lib_a-impure.o)
                0x08008574                _global_impure_ptr
 .rodata._vfprintf_r.str1.4
                0x08008578       0x42 c:/progra~2/gnutoo~1/72018-~1/bin/../lib/gcc/arm-none-eabi/7.3.1/../../../../arm-none-eabi/lib/thumb/v7-m\libg.a(lib_a-vfprintf.o)
 *fill*         0x080085ba        0x2 
 .rodata.blanks.7330
                0x080085bc       0x10 c:/progra~2/gnutoo~1/72018-~1/bin/../lib/gcc/arm-none-eabi/7.3.1/../../../../arm-none-eabi/lib/thumb/v7-m\libg.a(lib_a-vfprintf.o)
 .rodata.zeroes.7331
                0x080085cc       0x10 c:/progra~2/gnutoo~1/72018-~1/bin/../lib/gcc/arm-none-eabi/7.3.1/../../../../arm-none-eabi/lib/thumb/v7-m\libg.a(lib_a-vfprintf.o)
 .rodata._dtoa_r.str1.4
                0x080085dc       0x10 c:/progra~2/gnutoo~1/72018-~1/bin/../lib/gcc/arm-none-eabi/7.3.1/../../../../arm-none-eabi/lib/thumb/v7-m\libg.a(lib_a-dtoa.o)
                                 0x12 (size before relaxing)
 *fill*         0x080085ec        0x4 
 .rodata.__mprec_bigtens
                0x080085f0       0x28 c:/progra~2/gnutoo~1/72018-~1/bin/../lib/gcc/arm-none-eabi/7.3.1/../../../../arm-none-eabi/lib/thumb/v7-m\libg.a(lib_a-mprec.o)
                0x080085f0                __mprec_bigtens
 .rodata.__mprec_tens
                0x08008618       0xc8 c:/progra~2/gnutoo~1/72018-~1/bin/../lib/gcc/arm-none-eabi/7.3.1/../../../../arm-none-eabi/lib/thumb/v7-m\libg.a(lib_a-mprec.o)
                0x08008618                __mprec_tens
 .rodata.p05.6092
                0x080086e0        0xc c:/progra~2/gnutoo~1/72018-~1/bin/../lib/gcc/arm-none-eabi/7.3.1/../../../../arm-none-eabi/lib/thumb/v7-m\libg.a(lib_a-mprec.o)
 .rodata._setlocale_r.str1.4
                0x080086ec        0xa c:/progra~2/gnutoo~1/72018-~1/bin/../lib/gcc/arm-none-eabi/7.3.1/../../../../arm-none-eabi/lib/thumb/v7-m\libg.a(lib_a-locale.o)
                                  0xd (size before relaxing)
 *fill*         0x080086f6        0x2 
 .rodata.str1.4
                0x080086f8        0x4 c:/progra~2/gnutoo~1/72018-~1/bin/../lib/gcc/arm-none-eabi/7.3.1/../../../../arm-none-eabi/lib/thumb/v7-m\libg.a(lib_a-locale.o)
                                  0x2 (size before relaxing)
 .rodata._ctype_
                0x080086fc      0x101 c:/progra~2/gnutoo~1/72018-~1/bin/../lib/gcc/arm-none-eabi/7.3.1/../../../../arm-none-eabi/lib/thumb/v7-m\libg.a(lib_a-ctype_.o)
                0x080086fc                _ctype_
                0x08008800                . = ALIGN (0x4)
 *fill*         0x080087fd        0x3 

.ARM.extab      0x08008800        0x0
                0x08008800                . = ALIGN (0x4)
 *(.ARM.extab* .gnu.linkonce.armextab.*)
                0x08008800                . = ALIGN (0x4)

.ARM            0x08008800        0x8
                0x08008800                . = ALIGN (0x4)
                0x08008800                __exidx_start = .
 *(.ARM.exidx*)
 .ARM.exidx     0x08008800        0x8 c:/progra~2/gnutoo~1/72018-~1/bin/../lib/gcc/arm-none-eabi/7.3.1/thumb/v7-m\libgcc.a(_udivmoddi4.o)
                0x08008808                __exidx_end = .
                0x08008808                . = ALIGN (0x4)

.rel.dyn        0x08008808        0x0
 .rel.iplt      0x08008808        0x0 c:/progra~2/gnutoo~1/72018-~1/bin/../lib/gcc/arm-none-eabi/7.3.1/thumb/v7-m/crtbegin.o

.preinit_array  0x08008808        0x0
                0x08008808                . = ALIGN (0x4)
                0x08008808                PROVIDE (__preinit_array_start = .)
 *(.preinit_array*)
                0x08008808                PROVIDE (__preinit_array_end = .)
                0x08008808                . = ALIGN (0x4)

.init_array     0x08008808        0x8
                0x08008808                . = ALIGN (0x4)
                0x08008808                PROVIDE (__init_array_start = .)
 *(SORT_BY_NAME(.init_array.*))
 .init_array.00000
                0x08008808        0x4 c:/progra~2/gnutoo~1/72018-~1/bin/../lib/gcc/arm-none-eabi/7.3.1/../../../../arm-none-eabi/lib/thumb/v7-m\libg.a(lib_a-__call_atexit.o)
 *(.init_array*)
 .init_array    0x0800880c        0x4 c:/progra~2/gnutoo~1/72018-~1/bin/../lib/gcc/arm-none-eabi/7.3.1/thumb/v7-m/crtbegin.o
                0x08008810                PROVIDE (__init_array_end = .)
                0x08008810                . = ALIGN (0x4)

.fini_array     0x08008810        0x4
                0x08008810                . = ALIGN (0x4)
                0x08008810                PROVIDE (__fini_array_start = .)
 *(SORT_BY_NAME(.fini_array.*))
 *(.fini_array*)
 .fini_array    0x08008810        0x4 c:/progra~2/gnutoo~1/72018-~1/bin/../lib/gcc/arm-none-eabi/7.3.1/thumb/v7-m/crtbegin.o
                0x08008814                PROVIDE (__fini_array_end = .)
                0x08008814                . = ALIGN (0x4)
                0x08008814                _sidata = LOADADDR (.data)

.data           0x20000000      0x9b8 load address 0x08008814
                0x20000000                . = ALIGN (0x4)
                0x20000000                _sdata = .
 *(.data)
 *(.data*)
 .data.SystemCoreClock
                0x20000000        0x4 CMakeFiles/BMI088_pro.elf.dir/Core/Src/system_stm32f1xx.c.obj
                0x20000000                SystemCoreClock
 .data.uwTickFreq
                0x20000004        0x1 CMakeFiles/BMI088_pro.elf.dir/Drivers/STM32F1xx_HAL_Driver/Src/stm32f1xx_hal.c.obj
                0x20000004                uwTickFreq
 *fill*         0x20000005        0x3 
 .data.uwTickPrio
                0x20000008        0x4 CMakeFiles/BMI088_pro.elf.dir/Drivers/STM32F1xx_HAL_Driver/Src/stm32f1xx_hal.c.obj
                0x20000008                uwTickPrio
 .data._impure_ptr
                0x2000000c        0x4 c:/progra~2/gnutoo~1/72018-~1/bin/../lib/gcc/arm-none-eabi/7.3.1/../../../../arm-none-eabi/lib/thumb/v7-m\libg.a(lib_a-impure.o)
                0x2000000c                _impure_ptr
 .data.impure_data
                0x20000010      0x428 c:/progra~2/gnutoo~1/72018-~1/bin/../lib/gcc/arm-none-eabi/7.3.1/../../../../arm-none-eabi/lib/thumb/v7-m\libg.a(lib_a-impure.o)
 .data.__atexit_recursive_mutex
                0x20000438        0x4 c:/progra~2/gnutoo~1/72018-~1/bin/../lib/gcc/arm-none-eabi/7.3.1/../../../../arm-none-eabi/lib/thumb/v7-m\libg.a(lib_a-__call_atexit.o)
                0x20000438                __atexit_recursive_mutex
 .data.__malloc_av_
                0x2000043c      0x408 c:/progra~2/gnutoo~1/72018-~1/bin/../lib/gcc/arm-none-eabi/7.3.1/../../../../arm-none-eabi/lib/thumb/v7-m\libg.a(lib_a-mallocr.o)
                0x2000043c                __malloc_av_
 .data.__malloc_sbrk_base
                0x20000844        0x4 c:/progra~2/gnutoo~1/72018-~1/bin/../lib/gcc/arm-none-eabi/7.3.1/../../../../arm-none-eabi/lib/thumb/v7-m\libg.a(lib_a-mallocr.o)
                0x20000844                __malloc_sbrk_base
 .data.__malloc_trim_threshold
                0x20000848        0x4 c:/progra~2/gnutoo~1/72018-~1/bin/../lib/gcc/arm-none-eabi/7.3.1/../../../../arm-none-eabi/lib/thumb/v7-m\libg.a(lib_a-mallocr.o)
                0x20000848                __malloc_trim_threshold
 .data.__global_locale
                0x2000084c      0x16c c:/progra~2/gnutoo~1/72018-~1/bin/../lib/gcc/arm-none-eabi/7.3.1/../../../../arm-none-eabi/lib/thumb/v7-m\libg.a(lib_a-locale.o)
                0x2000084c                __global_locale
 *(.RamFunc)
 *(.RamFunc*)
                0x200009b8                . = ALIGN (0x4)
                0x200009b8                _edata = .

.igot.plt       0x200009b8        0x0 load address 0x080091cc
 .igot.plt      0x200009b8        0x0 c:/progra~2/gnutoo~1/72018-~1/bin/../lib/gcc/arm-none-eabi/7.3.1/thumb/v7-m/crtbegin.o
                0x200009b8                . = ALIGN (0x4)

.bss            0x200009b8      0x1e4 load address 0x080091cc
                0x200009b8                _sbss = .
                0x200009b8                __bss_start__ = _sbss
 *(.bss)
 .bss           0x200009b8       0x1c c:/progra~2/gnutoo~1/72018-~1/bin/../lib/gcc/arm-none-eabi/7.3.1/thumb/v7-m/crtbegin.o
 *(.bss*)
 .bss.dev1      0x200009d4       0x30 CMakeFiles/BMI088_pro.elf.dir/Core/Src/main.c.obj
                0x200009d4                dev1
 .bss.hi2c1     0x20000a04       0x54 CMakeFiles/BMI088_pro.elf.dir/Core/Src/main.c.obj
                0x20000a04                hi2c1
 .bss.hi2c2     0x20000a58       0x54 CMakeFiles/BMI088_pro.elf.dir/Core/Src/main.c.obj
                0x20000a58                hi2c2
 .bss.htim2     0x20000aac       0x48 CMakeFiles/BMI088_pro.elf.dir/Core/Src/main.c.obj
                0x20000aac                htim2
 .bss.huart1    0x20000af4       0x44 CMakeFiles/BMI088_pro.elf.dir/Core/Src/main.c.obj
                0x20000af4                huart1
 .bss.__sbrk_heap_end
                0x20000b38        0x4 CMakeFiles/BMI088_pro.elf.dir/Core/Src/sysmem.c.obj
 .bss.uwTick    0x20000b3c        0x4 CMakeFiles/BMI088_pro.elf.dir/Drivers/STM32F1xx_HAL_Driver/Src/stm32f1xx_hal.c.obj
                0x20000b3c                uwTick
 .bss.__malloc_current_mallinfo
                0x20000b40       0x28 c:/progra~2/gnutoo~1/72018-~1/bin/../lib/gcc/arm-none-eabi/7.3.1/../../../../arm-none-eabi/lib/thumb/v7-m\libg.a(lib_a-mallocr.o)
                0x20000b40                __malloc_current_mallinfo
 .bss.__malloc_max_sbrked_mem
                0x20000b68        0x4 c:/progra~2/gnutoo~1/72018-~1/bin/../lib/gcc/arm-none-eabi/7.3.1/../../../../arm-none-eabi/lib/thumb/v7-m\libg.a(lib_a-mallocr.o)
                0x20000b68                __malloc_max_sbrked_mem
 .bss.__malloc_max_total_mem
                0x20000b6c        0x4 c:/progra~2/gnutoo~1/72018-~1/bin/../lib/gcc/arm-none-eabi/7.3.1/../../../../arm-none-eabi/lib/thumb/v7-m\libg.a(lib_a-mallocr.o)
                0x20000b6c                __malloc_max_total_mem
 .bss.__malloc_top_pad
                0x20000b70        0x4 c:/progra~2/gnutoo~1/72018-~1/bin/../lib/gcc/arm-none-eabi/7.3.1/../../../../arm-none-eabi/lib/thumb/v7-m\libg.a(lib_a-mallocr.o)
                0x20000b70                __malloc_top_pad
 *(COMMON)
 COMMON         0x20000b74       0x21 c:/progra~2/gnutoo~1/72018-~1/bin/../lib/gcc/arm-none-eabi/7.3.1/../../../../arm-none-eabi/lib/thumb/v7-m\libg.a(lib_a-lock.o)
                0x20000b74                __lock___atexit_recursive_mutex
                0x20000b78                __lock___arc4random_mutex
                0x20000b7c                __lock___env_recursive_mutex
                0x20000b80                __lock___sinit_recursive_mutex
                0x20000b84                __lock___malloc_recursive_mutex
                0x20000b88                __lock___at_quick_exit_mutex
                0x20000b8c                __lock___dd_hash_mutex
                0x20000b90                __lock___tz_mutex
                0x20000b94                __lock___sfp_recursive_mutex
 *fill*         0x20000b95        0x3 
 COMMON         0x20000b98        0x4 c:/progra~2/gnutoo~1/72018-~1/bin/../lib/gcc/arm-none-eabi/7.3.1/../../../../arm-none-eabi/lib/thumb/v7-m\libg.a(lib_a-reent.o)
                0x20000b98                errno
                0x20000b9c                . = ALIGN (0x4)
                0x20000b9c                _ebss = .
                0x20000b9c                __bss_end__ = _ebss

._user_heap_stack
                0x20000b9c      0x604 load address 0x080091cc
                0x20000ba0                . = ALIGN (0x8)
 *fill*         0x20000b9c        0x4 
                [!provide]                PROVIDE (end = .)
                0x20000ba0                PROVIDE (_end = .)
                0x20000da0                . = (. + _Min_Heap_Size)
 *fill*         0x20000ba0      0x200 
                0x200011a0                . = (. + _Min_Stack_Size)
 *fill*         0x20000da0      0x400 
                0x200011a0                . = ALIGN (0x8)

/DISCARD/
 libc.a(*)
 libm.a(*)
 libgcc.a(*)

.ARM.attributes
                0x00000000       0x29
 *(.ARM.attributes)
 .ARM.attributes
                0x00000000       0x1d c:/progra~2/gnutoo~1/72018-~1/bin/../lib/gcc/arm-none-eabi/7.3.1/thumb/v7-m/crti.o
 .ARM.attributes
                0x0000001d       0x2d c:/progra~2/gnutoo~1/72018-~1/bin/../lib/gcc/arm-none-eabi/7.3.1/thumb/v7-m/crtbegin.o
 .ARM.attributes
                0x0000004a       0x33 CMakeFiles/BMI088_pro.elf.dir/Core/Src/bmi08a.c.obj
 .ARM.attributes
                0x0000007d       0x33 CMakeFiles/BMI088_pro.elf.dir/Core/Src/bmi08g.c.obj
 .ARM.attributes
                0x000000b0       0x33 CMakeFiles/BMI088_pro.elf.dir/Core/Src/main.c.obj
 .ARM.attributes
                0x000000e3       0x33 CMakeFiles/BMI088_pro.elf.dir/Core/Src/stm32f1xx_hal_msp.c.obj
 .ARM.attributes
                0x00000116       0x33 CMakeFiles/BMI088_pro.elf.dir/Core/Src/stm32f1xx_it.c.obj
 .ARM.attributes
                0x00000149       0x33 CMakeFiles/BMI088_pro.elf.dir/Core/Src/syscalls.c.obj
 .ARM.attributes
                0x0000017c       0x33 CMakeFiles/BMI088_pro.elf.dir/Core/Src/sysmem.c.obj
 .ARM.attributes
                0x000001af       0x33 CMakeFiles/BMI088_pro.elf.dir/Core/Src/system_stm32f1xx.c.obj
 .ARM.attributes
                0x000001e2       0x21 CMakeFiles/BMI088_pro.elf.dir/Core/Startup/startup_stm32f103c8tx.s.obj
 .ARM.attributes
                0x00000203       0x33 CMakeFiles/BMI088_pro.elf.dir/Drivers/STM32F1xx_HAL_Driver/Src/stm32f1xx_hal.c.obj
 .ARM.attributes
                0x00000236       0x33 CMakeFiles/BMI088_pro.elf.dir/Drivers/STM32F1xx_HAL_Driver/Src/stm32f1xx_hal_cortex.c.obj
 .ARM.attributes
                0x00000269       0x33 CMakeFiles/BMI088_pro.elf.dir/Drivers/STM32F1xx_HAL_Driver/Src/stm32f1xx_hal_gpio.c.obj
 .ARM.attributes
                0x0000029c       0x33 CMakeFiles/BMI088_pro.elf.dir/Drivers/STM32F1xx_HAL_Driver/Src/stm32f1xx_hal_i2c.c.obj
 .ARM.attributes
                0x000002cf       0x33 CMakeFiles/BMI088_pro.elf.dir/Drivers/STM32F1xx_HAL_Driver/Src/stm32f1xx_hal_rcc.c.obj
 .ARM.attributes
                0x00000302       0x33 CMakeFiles/BMI088_pro.elf.dir/Drivers/STM32F1xx_HAL_Driver/Src/stm32f1xx_hal_tim.c.obj
 .ARM.attributes
                0x00000335       0x33 CMakeFiles/BMI088_pro.elf.dir/Drivers/STM32F1xx_HAL_Driver/Src/stm32f1xx_hal_tim_ex.c.obj
 .ARM.attributes
                0x00000368       0x33 CMakeFiles/BMI088_pro.elf.dir/Drivers/STM32F1xx_HAL_Driver/Src/stm32f1xx_hal_uart.c.obj
 .ARM.attributes
                0x0000039b       0x2d c:/progra~2/gnutoo~1/72018-~1/bin/../lib/gcc/arm-none-eabi/7.3.1/../../../../arm-none-eabi/lib/thumb/v7-m\libg.a(lib_a-errno.o)
 .ARM.attributes
                0x000003c8       0x2d c:/progra~2/gnutoo~1/72018-~1/bin/../lib/gcc/arm-none-eabi/7.3.1/../../../../arm-none-eabi/lib/thumb/v7-m\libg.a(lib_a-impure.o)
 .ARM.attributes
                0x000003f5       0x2d c:/progra~2/gnutoo~1/72018-~1/bin/../lib/gcc/arm-none-eabi/7.3.1/../../../../arm-none-eabi/lib/thumb/v7-m\libg.a(lib_a-init.o)
 .ARM.attributes
                0x00000422       0x2d c:/progra~2/gnutoo~1/72018-~1/bin/../lib/gcc/arm-none-eabi/7.3.1/../../../../arm-none-eabi/lib/thumb/v7-m\libg.a(lib_a-memset.o)
 .ARM.attributes
                0x0000044f       0x2d c:/progra~2/gnutoo~1/72018-~1/bin/../lib/gcc/arm-none-eabi/7.3.1/../../../../arm-none-eabi/lib/thumb/v7-m\libg.a(lib_a-printf.o)
 .ARM.attributes
                0x0000047c       0x2d c:/progra~2/gnutoo~1/72018-~1/bin/../lib/gcc/arm-none-eabi/7.3.1/../../../../arm-none-eabi/lib/thumb/v7-m\libg.a(lib_a-vfprintf.o)
 .ARM.attributes
                0x000004a9       0x2d c:/progra~2/gnutoo~1/72018-~1/bin/../lib/gcc/arm-none-eabi/7.3.1/../../../../arm-none-eabi/lib/thumb/v7-m\libg.a(lib_a-wsetup.o)
 .ARM.attributes
                0x000004d6       0x2d c:/progra~2/gnutoo~1/72018-~1/bin/../lib/gcc/arm-none-eabi/7.3.1/../../../../arm-none-eabi/lib/thumb/v7-m\libg.a(lib_a-__call_atexit.o)
 .ARM.attributes
                0x00000503       0x2d c:/progra~2/gnutoo~1/72018-~1/bin/../lib/gcc/arm-none-eabi/7.3.1/../../../../arm-none-eabi/lib/thumb/v7-m\libg.a(lib_a-atexit.o)
 .ARM.attributes
                0x00000530       0x2d c:/progra~2/gnutoo~1/72018-~1/bin/../lib/gcc/arm-none-eabi/7.3.1/../../../../arm-none-eabi/lib/thumb/v7-m\libg.a(lib_a-dtoa.o)
 .ARM.attributes
                0x0000055d       0x2d c:/progra~2/gnutoo~1/72018-~1/bin/../lib/gcc/arm-none-eabi/7.3.1/../../../../arm-none-eabi/lib/thumb/v7-m\libg.a(lib_a-fflush.o)
 .ARM.attributes
                0x0000058a       0x2d c:/progra~2/gnutoo~1/72018-~1/bin/../lib/gcc/arm-none-eabi/7.3.1/../../../../arm-none-eabi/lib/thumb/v7-m\libg.a(lib_a-findfp.o)
 .ARM.attributes
                0x000005b7       0x2d c:/progra~2/gnutoo~1/72018-~1/bin/../lib/gcc/arm-none-eabi/7.3.1/../../../../arm-none-eabi/lib/thumb/v7-m\libg.a(lib_a-fini.o)
 .ARM.attributes
                0x000005e4       0x2d c:/progra~2/gnutoo~1/72018-~1/bin/../lib/gcc/arm-none-eabi/7.3.1/../../../../arm-none-eabi/lib/thumb/v7-m\libg.a(lib_a-freer.o)
 .ARM.attributes
                0x00000611       0x2d c:/progra~2/gnutoo~1/72018-~1/bin/../lib/gcc/arm-none-eabi/7.3.1/../../../../arm-none-eabi/lib/thumb/v7-m\libg.a(lib_a-fwalk.o)
 .ARM.attributes
                0x0000063e       0x2d c:/progra~2/gnutoo~1/72018-~1/bin/../lib/gcc/arm-none-eabi/7.3.1/../../../../arm-none-eabi/lib/thumb/v7-m\libg.a(lib_a-localeconv.o)
 .ARM.attributes
                0x0000066b       0x2d c:/progra~2/gnutoo~1/72018-~1/bin/../lib/gcc/arm-none-eabi/7.3.1/../../../../arm-none-eabi/lib/thumb/v7-m\libg.a(lib_a-lock.o)
 .ARM.attributes
                0x00000698       0x2d c:/progra~2/gnutoo~1/72018-~1/bin/../lib/gcc/arm-none-eabi/7.3.1/../../../../arm-none-eabi/lib/thumb/v7-m\libg.a(lib_a-makebuf.o)
 .ARM.attributes
                0x000006c5       0x2d c:/progra~2/gnutoo~1/72018-~1/bin/../lib/gcc/arm-none-eabi/7.3.1/../../../../arm-none-eabi/lib/thumb/v7-m\libg.a(lib_a-mallocr.o)
 .ARM.attributes
                0x000006f2       0x2d c:/progra~2/gnutoo~1/72018-~1/bin/../lib/gcc/arm-none-eabi/7.3.1/../../../../arm-none-eabi/lib/thumb/v7-m\libg.a(lib_a-memchr-stub.o)
 .ARM.attributes
                0x0000071f       0x1b c:/progra~2/gnutoo~1/72018-~1/bin/../lib/gcc/arm-none-eabi/7.3.1/../../../../arm-none-eabi/lib/thumb/v7-m\libg.a(lib_a-memcpy.o)
 .ARM.attributes
                0x0000073a       0x2d c:/progra~2/gnutoo~1/72018-~1/bin/../lib/gcc/arm-none-eabi/7.3.1/../../../../arm-none-eabi/lib/thumb/v7-m\libg.a(lib_a-mlock.o)
 .ARM.attributes
                0x00000767       0x2d c:/progra~2/gnutoo~1/72018-~1/bin/../lib/gcc/arm-none-eabi/7.3.1/../../../../arm-none-eabi/lib/thumb/v7-m\libg.a(lib_a-mprec.o)
 .ARM.attributes
                0x00000794       0x2d c:/progra~2/gnutoo~1/72018-~1/bin/../lib/gcc/arm-none-eabi/7.3.1/../../../../arm-none-eabi/lib/thumb/v7-m\libg.a(lib_a-s_frexp.o)
 .ARM.attributes
                0x000007c1       0x2d c:/progra~2/gnutoo~1/72018-~1/bin/../lib/gcc/arm-none-eabi/7.3.1/../../../../arm-none-eabi/lib/thumb/v7-m\libg.a(lib_a-sbrkr.o)
 .ARM.attributes
                0x000007ee       0x2d c:/progra~2/gnutoo~1/72018-~1/bin/../lib/gcc/arm-none-eabi/7.3.1/../../../../arm-none-eabi/lib/thumb/v7-m\libg.a(lib_a-stdio.o)
 .ARM.attributes
                0x0000081b       0x2d c:/progra~2/gnutoo~1/72018-~1/bin/../lib/gcc/arm-none-eabi/7.3.1/../../../../arm-none-eabi/lib/thumb/v7-m\libg.a(lib_a-strlen-stub.o)
 .ARM.attributes
                0x00000848       0x2d c:/progra~2/gnutoo~1/72018-~1/bin/../lib/gcc/arm-none-eabi/7.3.1/../../../../arm-none-eabi/lib/thumb/v7-m\libg.a(lib_a-strncpy.o)
 .ARM.attributes
                0x00000875       0x2d c:/progra~2/gnutoo~1/72018-~1/bin/../lib/gcc/arm-none-eabi/7.3.1/../../../../arm-none-eabi/lib/thumb/v7-m\libg.a(lib_a-vfiprintf.o)
 .ARM.attributes
                0x000008a2       0x2d c:/progra~2/gnutoo~1/72018-~1/bin/../lib/gcc/arm-none-eabi/7.3.1/../../../../arm-none-eabi/lib/thumb/v7-m\libg.a(lib_a-writer.o)
 .ARM.attributes
                0x000008cf       0x2d c:/progra~2/gnutoo~1/72018-~1/bin/../lib/gcc/arm-none-eabi/7.3.1/../../../../arm-none-eabi/lib/thumb/v7-m\libg.a(lib_a-__atexit.o)
 .ARM.attributes
                0x000008fc       0x2d c:/progra~2/gnutoo~1/72018-~1/bin/../lib/gcc/arm-none-eabi/7.3.1/../../../../arm-none-eabi/lib/thumb/v7-m\libg.a(lib_a-callocr.o)
 .ARM.attributes
                0x00000929       0x2d c:/progra~2/gnutoo~1/72018-~1/bin/../lib/gcc/arm-none-eabi/7.3.1/../../../../arm-none-eabi/lib/thumb/v7-m\libg.a(lib_a-closer.o)
 .ARM.attributes
                0x00000956       0x2d c:/progra~2/gnutoo~1/72018-~1/bin/../lib/gcc/arm-none-eabi/7.3.1/../../../../arm-none-eabi/lib/thumb/v7-m\libg.a(lib_a-fclose.o)
 .ARM.attributes
                0x00000983       0x2d c:/progra~2/gnutoo~1/72018-~1/bin/../lib/gcc/arm-none-eabi/7.3.1/../../../../arm-none-eabi/lib/thumb/v7-m\libg.a(lib_a-fputwc.o)
 .ARM.attributes
                0x000009b0       0x2d c:/progra~2/gnutoo~1/72018-~1/bin/../lib/gcc/arm-none-eabi/7.3.1/../../../../arm-none-eabi/lib/thumb/v7-m\libg.a(lib_a-fstatr.o)
 .ARM.attributes
                0x000009dd       0x2d c:/progra~2/gnutoo~1/72018-~1/bin/../lib/gcc/arm-none-eabi/7.3.1/../../../../arm-none-eabi/lib/thumb/v7-m\libg.a(lib_a-fvwrite.o)
 .ARM.attributes
                0x00000a0a       0x2d c:/progra~2/gnutoo~1/72018-~1/bin/../lib/gcc/arm-none-eabi/7.3.1/../../../../arm-none-eabi/lib/thumb/v7-m\libg.a(lib_a-isattyr.o)
 .ARM.attributes
                0x00000a37       0x2d c:/progra~2/gnutoo~1/72018-~1/bin/../lib/gcc/arm-none-eabi/7.3.1/../../../../arm-none-eabi/lib/thumb/v7-m\libg.a(lib_a-locale.o)
 .ARM.attributes
                0x00000a64       0x2d c:/progra~2/gnutoo~1/72018-~1/bin/../lib/gcc/arm-none-eabi/7.3.1/../../../../arm-none-eabi/lib/thumb/v7-m\libg.a(lib_a-lseekr.o)
 .ARM.attributes
                0x00000a91       0x2d c:/progra~2/gnutoo~1/72018-~1/bin/../lib/gcc/arm-none-eabi/7.3.1/../../../../arm-none-eabi/lib/thumb/v7-m\libg.a(lib_a-mbtowc_r.o)
 .ARM.attributes
                0x00000abe       0x2d c:/progra~2/gnutoo~1/72018-~1/bin/../lib/gcc/arm-none-eabi/7.3.1/../../../../arm-none-eabi/lib/thumb/v7-m\libg.a(lib_a-memmove.o)
 .ARM.attributes
                0x00000aeb       0x2d c:/progra~2/gnutoo~1/72018-~1/bin/../lib/gcc/arm-none-eabi/7.3.1/../../../../arm-none-eabi/lib/thumb/v7-m\libg.a(lib_a-readr.o)
 .ARM.attributes
                0x00000b18       0x2d c:/progra~2/gnutoo~1/72018-~1/bin/../lib/gcc/arm-none-eabi/7.3.1/../../../../arm-none-eabi/lib/thumb/v7-m\libg.a(lib_a-reallocr.o)
 .ARM.attributes
                0x00000b45       0x2d c:/progra~2/gnutoo~1/72018-~1/bin/../lib/gcc/arm-none-eabi/7.3.1/../../../../arm-none-eabi/lib/thumb/v7-m\libg.a(lib_a-reent.o)
 .ARM.attributes
                0x00000b72       0x2d c:/progra~2/gnutoo~1/72018-~1/bin/../lib/gcc/arm-none-eabi/7.3.1/../../../../arm-none-eabi/lib/thumb/v7-m\libg.a(lib_a-wbuf.o)
 .ARM.attributes
                0x00000b9f       0x2d c:/progra~2/gnutoo~1/72018-~1/bin/../lib/gcc/arm-none-eabi/7.3.1/../../../../arm-none-eabi/lib/thumb/v7-m\libg.a(lib_a-wcrtomb.o)
 .ARM.attributes
                0x00000bcc       0x2d c:/progra~2/gnutoo~1/72018-~1/bin/../lib/gcc/arm-none-eabi/7.3.1/../../../../arm-none-eabi/lib/thumb/v7-m\libg.a(lib_a-wctomb_r.o)
 .ARM.attributes
                0x00000bf9       0x2d c:/progra~2/gnutoo~1/72018-~1/bin/../lib/gcc/arm-none-eabi/7.3.1/../../../../arm-none-eabi/lib/thumb/v7-m\libg.a(lib_a-ctype_.o)
 .ARM.attributes
                0x00000c26       0x1d c:/progra~2/gnutoo~1/72018-~1/bin/../lib/gcc/arm-none-eabi/7.3.1/thumb/v7-m\libgcc.a(_arm_addsubdf3.o)
 .ARM.attributes
                0x00000c43       0x1d c:/progra~2/gnutoo~1/72018-~1/bin/../lib/gcc/arm-none-eabi/7.3.1/thumb/v7-m\libgcc.a(_arm_muldivdf3.o)
 .ARM.attributes
                0x00000c60       0x1d c:/progra~2/gnutoo~1/72018-~1/bin/../lib/gcc/arm-none-eabi/7.3.1/thumb/v7-m\libgcc.a(_arm_cmpdf2.o)
 .ARM.attributes
                0x00000c7d       0x1d c:/progra~2/gnutoo~1/72018-~1/bin/../lib/gcc/arm-none-eabi/7.3.1/thumb/v7-m\libgcc.a(_arm_unorddf2.o)
 .ARM.attributes
                0x00000c9a       0x1d c:/progra~2/gnutoo~1/72018-~1/bin/../lib/gcc/arm-none-eabi/7.3.1/thumb/v7-m\libgcc.a(_arm_fixdfsi.o)
 .ARM.attributes
                0x00000cb7       0x1d c:/progra~2/gnutoo~1/72018-~1/bin/../lib/gcc/arm-none-eabi/7.3.1/thumb/v7-m\libgcc.a(_aeabi_uldivmod.o)
 .ARM.attributes
                0x00000cd4       0x2d c:/progra~2/gnutoo~1/72018-~1/bin/../lib/gcc/arm-none-eabi/7.3.1/thumb/v7-m\libgcc.a(_udivmoddi4.o)
 .ARM.attributes
                0x00000d01       0x1d c:/progra~2/gnutoo~1/72018-~1/bin/../lib/gcc/arm-none-eabi/7.3.1/thumb/v7-m\libgcc.a(_dvmd_tls.o)
 .ARM.attributes
                0x00000d1e       0x1d c:/progra~2/gnutoo~1/72018-~1/bin/../lib/gcc/arm-none-eabi/7.3.1/thumb/v7-m/crtn.o
OUTPUT(BMI088_pro.elf elf32-littlearm)

.debug_info     0x00000000    0x15883
 .debug_info    0x00000000     0x299b CMakeFiles/BMI088_pro.elf.dir/Core/Src/bmi08a.c.obj
 .debug_info    0x0000299b     0x1719 CMakeFiles/BMI088_pro.elf.dir/Core/Src/bmi08g.c.obj
 .debug_info    0x000040b4     0x21aa CMakeFiles/BMI088_pro.elf.dir/Core/Src/main.c.obj
 .debug_info    0x0000625e     0x11bd CMakeFiles/BMI088_pro.elf.dir/Core/Src/stm32f1xx_hal_msp.c.obj
 .debug_info    0x0000741b      0x773 CMakeFiles/BMI088_pro.elf.dir/Core/Src/stm32f1xx_it.c.obj
 .debug_info    0x00007b8e      0xf58 CMakeFiles/BMI088_pro.elf.dir/Core/Src/syscalls.c.obj
 .debug_info    0x00008ae6      0x9a1 CMakeFiles/BMI088_pro.elf.dir/Core/Src/sysmem.c.obj
 .debug_info    0x00009487      0x299 CMakeFiles/BMI088_pro.elf.dir/Core/Src/system_stm32f1xx.c.obj
 .debug_info    0x00009720       0x22 CMakeFiles/BMI088_pro.elf.dir/Core/Startup/startup_stm32f103c8tx.s.obj
 .debug_info    0x00009742      0x7bc CMakeFiles/BMI088_pro.elf.dir/Drivers/STM32F1xx_HAL_Driver/Src/stm32f1xx_hal.c.obj
 .debug_info    0x00009efe      0xcb1 CMakeFiles/BMI088_pro.elf.dir/Drivers/STM32F1xx_HAL_Driver/Src/stm32f1xx_hal_cortex.c.obj
 .debug_info    0x0000abaf      0x6a7 CMakeFiles/BMI088_pro.elf.dir/Drivers/STM32F1xx_HAL_Driver/Src/stm32f1xx_hal_gpio.c.obj
 .debug_info    0x0000b256     0x34b2 CMakeFiles/BMI088_pro.elf.dir/Drivers/STM32F1xx_HAL_Driver/Src/stm32f1xx_hal_i2c.c.obj
 .debug_info    0x0000e708      0x9eb CMakeFiles/BMI088_pro.elf.dir/Drivers/STM32F1xx_HAL_Driver/Src/stm32f1xx_hal_rcc.c.obj
 .debug_info    0x0000f0f3     0x3592 CMakeFiles/BMI088_pro.elf.dir/Drivers/STM32F1xx_HAL_Driver/Src/stm32f1xx_hal_tim.c.obj
 .debug_info    0x00012685     0x17c3 CMakeFiles/BMI088_pro.elf.dir/Drivers/STM32F1xx_HAL_Driver/Src/stm32f1xx_hal_tim_ex.c.obj
 .debug_info    0x00013e48     0x1a3b CMakeFiles/BMI088_pro.elf.dir/Drivers/STM32F1xx_HAL_Driver/Src/stm32f1xx_hal_uart.c.obj

.debug_abbrev   0x00000000     0x240e
 .debug_abbrev  0x00000000      0x252 CMakeFiles/BMI088_pro.elf.dir/Core/Src/bmi08a.c.obj
 .debug_abbrev  0x00000252      0x256 CMakeFiles/BMI088_pro.elf.dir/Core/Src/bmi08g.c.obj
 .debug_abbrev  0x000004a8      0x385 CMakeFiles/BMI088_pro.elf.dir/Core/Src/main.c.obj
 .debug_abbrev  0x0000082d      0x209 CMakeFiles/BMI088_pro.elf.dir/Core/Src/stm32f1xx_hal_msp.c.obj
 .debug_abbrev  0x00000a36      0x175 CMakeFiles/BMI088_pro.elf.dir/Core/Src/stm32f1xx_it.c.obj
 .debug_abbrev  0x00000bab      0x2a0 CMakeFiles/BMI088_pro.elf.dir/Core/Src/syscalls.c.obj
 .debug_abbrev  0x00000e4b      0x206 CMakeFiles/BMI088_pro.elf.dir/Core/Src/sysmem.c.obj
 .debug_abbrev  0x00001051      0x131 CMakeFiles/BMI088_pro.elf.dir/Core/Src/system_stm32f1xx.c.obj
 .debug_abbrev  0x00001182       0x12 CMakeFiles/BMI088_pro.elf.dir/Core/Startup/startup_stm32f103c8tx.s.obj
 .debug_abbrev  0x00001194      0x1ea CMakeFiles/BMI088_pro.elf.dir/Drivers/STM32F1xx_HAL_Driver/Src/stm32f1xx_hal.c.obj
 .debug_abbrev  0x0000137e      0x300 CMakeFiles/BMI088_pro.elf.dir/Drivers/STM32F1xx_HAL_Driver/Src/stm32f1xx_hal_cortex.c.obj
 .debug_abbrev  0x0000167e      0x1db CMakeFiles/BMI088_pro.elf.dir/Drivers/STM32F1xx_HAL_Driver/Src/stm32f1xx_hal_gpio.c.obj
 .debug_abbrev  0x00001859      0x27f CMakeFiles/BMI088_pro.elf.dir/Drivers/STM32F1xx_HAL_Driver/Src/stm32f1xx_hal_i2c.c.obj
 .debug_abbrev  0x00001ad8      0x254 CMakeFiles/BMI088_pro.elf.dir/Drivers/STM32F1xx_HAL_Driver/Src/stm32f1xx_hal_rcc.c.obj
 .debug_abbrev  0x00001d2c      0x234 CMakeFiles/BMI088_pro.elf.dir/Drivers/STM32F1xx_HAL_Driver/Src/stm32f1xx_hal_tim.c.obj
 .debug_abbrev  0x00001f60      0x243 CMakeFiles/BMI088_pro.elf.dir/Drivers/STM32F1xx_HAL_Driver/Src/stm32f1xx_hal_tim_ex.c.obj
 .debug_abbrev  0x000021a3      0x26b CMakeFiles/BMI088_pro.elf.dir/Drivers/STM32F1xx_HAL_Driver/Src/stm32f1xx_hal_uart.c.obj

.debug_loc      0x00000000    0x103a9
 .debug_loc     0x00000000     0x232c CMakeFiles/BMI088_pro.elf.dir/Core/Src/bmi08a.c.obj
 .debug_loc     0x0000232c     0x1301 CMakeFiles/BMI088_pro.elf.dir/Core/Src/bmi08g.c.obj
 .debug_loc     0x0000362d      0x31b CMakeFiles/BMI088_pro.elf.dir/Core/Src/main.c.obj
 .debug_loc     0x00003948      0x175 CMakeFiles/BMI088_pro.elf.dir/Core/Src/stm32f1xx_hal_msp.c.obj
 .debug_loc     0x00003abd      0x34c CMakeFiles/BMI088_pro.elf.dir/Core/Src/syscalls.c.obj
 .debug_loc     0x00003e09       0x58 CMakeFiles/BMI088_pro.elf.dir/Core/Src/sysmem.c.obj
 .debug_loc     0x00003e61       0xdf CMakeFiles/BMI088_pro.elf.dir/Core/Src/system_stm32f1xx.c.obj
 .debug_loc     0x00003f40      0x11b CMakeFiles/BMI088_pro.elf.dir/Drivers/STM32F1xx_HAL_Driver/Src/stm32f1xx_hal.c.obj
 .debug_loc     0x0000405b      0x5ad CMakeFiles/BMI088_pro.elf.dir/Drivers/STM32F1xx_HAL_Driver/Src/stm32f1xx_hal_cortex.c.obj
 .debug_loc     0x00004608      0x3d8 CMakeFiles/BMI088_pro.elf.dir/Drivers/STM32F1xx_HAL_Driver/Src/stm32f1xx_hal_gpio.c.obj
 .debug_loc     0x000049e0     0x3a02 CMakeFiles/BMI088_pro.elf.dir/Drivers/STM32F1xx_HAL_Driver/Src/stm32f1xx_hal_i2c.c.obj
 .debug_loc     0x000083e2      0x4bb CMakeFiles/BMI088_pro.elf.dir/Drivers/STM32F1xx_HAL_Driver/Src/stm32f1xx_hal_rcc.c.obj
 .debug_loc     0x0000889d     0x4611 CMakeFiles/BMI088_pro.elf.dir/Drivers/STM32F1xx_HAL_Driver/Src/stm32f1xx_hal_tim.c.obj
 .debug_loc     0x0000ceae     0x1a48 CMakeFiles/BMI088_pro.elf.dir/Drivers/STM32F1xx_HAL_Driver/Src/stm32f1xx_hal_tim_ex.c.obj
 .debug_loc     0x0000e8f6     0x1ab3 CMakeFiles/BMI088_pro.elf.dir/Drivers/STM32F1xx_HAL_Driver/Src/stm32f1xx_hal_uart.c.obj

.debug_aranges  0x00000000     0x1138
 .debug_aranges
                0x00000000      0x1b8 CMakeFiles/BMI088_pro.elf.dir/Core/Src/bmi08a.c.obj
 .debug_aranges
                0x000001b8      0x100 CMakeFiles/BMI088_pro.elf.dir/Core/Src/bmi08g.c.obj
 .debug_aranges
                0x000002b8       0x80 CMakeFiles/BMI088_pro.elf.dir/Core/Src/main.c.obj
 .debug_aranges
                0x00000338       0x50 CMakeFiles/BMI088_pro.elf.dir/Core/Src/stm32f1xx_hal_msp.c.obj
 .debug_aranges
                0x00000388       0x68 CMakeFiles/BMI088_pro.elf.dir/Core/Src/stm32f1xx_it.c.obj
 .debug_aranges
                0x000003f0       0xa8 CMakeFiles/BMI088_pro.elf.dir/Core/Src/syscalls.c.obj
 .debug_aranges
                0x00000498       0x20 CMakeFiles/BMI088_pro.elf.dir/Core/Src/sysmem.c.obj
 .debug_aranges
                0x000004b8       0x28 CMakeFiles/BMI088_pro.elf.dir/Core/Src/system_stm32f1xx.c.obj
 .debug_aranges
                0x000004e0       0x28 CMakeFiles/BMI088_pro.elf.dir/Core/Startup/startup_stm32f103c8tx.s.obj
 .debug_aranges
                0x00000508       0xe0 CMakeFiles/BMI088_pro.elf.dir/Drivers/STM32F1xx_HAL_Driver/Src/stm32f1xx_hal.c.obj
 .debug_aranges
                0x000005e8       0x90 CMakeFiles/BMI088_pro.elf.dir/Drivers/STM32F1xx_HAL_Driver/Src/stm32f1xx_hal_cortex.c.obj
 .debug_aranges
                0x00000678       0x58 CMakeFiles/BMI088_pro.elf.dir/Drivers/STM32F1xx_HAL_Driver/Src/stm32f1xx_hal_gpio.c.obj
 .debug_aranges
                0x000006d0      0x2a0 CMakeFiles/BMI088_pro.elf.dir/Drivers/STM32F1xx_HAL_Driver/Src/stm32f1xx_hal_i2c.c.obj
 .debug_aranges
                0x00000970       0x90 CMakeFiles/BMI088_pro.elf.dir/Drivers/STM32F1xx_HAL_Driver/Src/stm32f1xx_hal_rcc.c.obj
 .debug_aranges
                0x00000a00      0x3d0 CMakeFiles/BMI088_pro.elf.dir/Drivers/STM32F1xx_HAL_Driver/Src/stm32f1xx_hal_tim.c.obj
 .debug_aranges
                0x00000dd0      0x168 CMakeFiles/BMI088_pro.elf.dir/Drivers/STM32F1xx_HAL_Driver/Src/stm32f1xx_hal_tim_ex.c.obj
 .debug_aranges
                0x00000f38      0x200 CMakeFiles/BMI088_pro.elf.dir/Drivers/STM32F1xx_HAL_Driver/Src/stm32f1xx_hal_uart.c.obj

.debug_ranges   0x00000000     0x10e8
 .debug_ranges  0x00000000      0x1a8 CMakeFiles/BMI088_pro.elf.dir/Core/Src/bmi08a.c.obj
 .debug_ranges  0x000001a8       0xf0 CMakeFiles/BMI088_pro.elf.dir/Core/Src/bmi08g.c.obj
 .debug_ranges  0x00000298       0x88 CMakeFiles/BMI088_pro.elf.dir/Core/Src/main.c.obj
 .debug_ranges  0x00000320       0x40 CMakeFiles/BMI088_pro.elf.dir/Core/Src/stm32f1xx_hal_msp.c.obj
 .debug_ranges  0x00000360       0x58 CMakeFiles/BMI088_pro.elf.dir/Core/Src/stm32f1xx_it.c.obj
 .debug_ranges  0x000003b8       0x98 CMakeFiles/BMI088_pro.elf.dir/Core/Src/syscalls.c.obj
 .debug_ranges  0x00000450       0x10 CMakeFiles/BMI088_pro.elf.dir/Core/Src/sysmem.c.obj
 .debug_ranges  0x00000460       0x18 CMakeFiles/BMI088_pro.elf.dir/Core/Src/system_stm32f1xx.c.obj
 .debug_ranges  0x00000478       0x20 CMakeFiles/BMI088_pro.elf.dir/Core/Startup/startup_stm32f103c8tx.s.obj
 .debug_ranges  0x00000498       0xd0 CMakeFiles/BMI088_pro.elf.dir/Drivers/STM32F1xx_HAL_Driver/Src/stm32f1xx_hal.c.obj
 .debug_ranges  0x00000568       0xe0 CMakeFiles/BMI088_pro.elf.dir/Drivers/STM32F1xx_HAL_Driver/Src/stm32f1xx_hal_cortex.c.obj
 .debug_ranges  0x00000648       0x48 CMakeFiles/BMI088_pro.elf.dir/Drivers/STM32F1xx_HAL_Driver/Src/stm32f1xx_hal_gpio.c.obj
 .debug_ranges  0x00000690      0x2b0 CMakeFiles/BMI088_pro.elf.dir/Drivers/STM32F1xx_HAL_Driver/Src/stm32f1xx_hal_i2c.c.obj
 .debug_ranges  0x00000940       0xa0 CMakeFiles/BMI088_pro.elf.dir/Drivers/STM32F1xx_HAL_Driver/Src/stm32f1xx_hal_rcc.c.obj
 .debug_ranges  0x000009e0      0x3c0 CMakeFiles/BMI088_pro.elf.dir/Drivers/STM32F1xx_HAL_Driver/Src/stm32f1xx_hal_tim.c.obj
 .debug_ranges  0x00000da0      0x158 CMakeFiles/BMI088_pro.elf.dir/Drivers/STM32F1xx_HAL_Driver/Src/stm32f1xx_hal_tim_ex.c.obj
 .debug_ranges  0x00000ef8      0x1f0 CMakeFiles/BMI088_pro.elf.dir/Drivers/STM32F1xx_HAL_Driver/Src/stm32f1xx_hal_uart.c.obj

.debug_line     0x00000000     0x8554
 .debug_line    0x00000000      0x917 CMakeFiles/BMI088_pro.elf.dir/Core/Src/bmi08a.c.obj
 .debug_line    0x00000917      0x521 CMakeFiles/BMI088_pro.elf.dir/Core/Src/bmi08g.c.obj
 .debug_line    0x00000e38      0x578 CMakeFiles/BMI088_pro.elf.dir/Core/Src/main.c.obj
 .debug_line    0x000013b0      0x369 CMakeFiles/BMI088_pro.elf.dir/Core/Src/stm32f1xx_hal_msp.c.obj
 .debug_line    0x00001719      0x2e2 CMakeFiles/BMI088_pro.elf.dir/Core/Src/stm32f1xx_it.c.obj
 .debug_line    0x000019fb      0x32e CMakeFiles/BMI088_pro.elf.dir/Core/Src/syscalls.c.obj
 .debug_line    0x00001d29      0x17a CMakeFiles/BMI088_pro.elf.dir/Core/Src/sysmem.c.obj
 .debug_line    0x00001ea3      0x251 CMakeFiles/BMI088_pro.elf.dir/Core/Src/system_stm32f1xx.c.obj
 .debug_line    0x000020f4       0xa4 CMakeFiles/BMI088_pro.elf.dir/Core/Startup/startup_stm32f103c8tx.s.obj
 .debug_line    0x00002198      0x41d CMakeFiles/BMI088_pro.elf.dir/Drivers/STM32F1xx_HAL_Driver/Src/stm32f1xx_hal.c.obj
 .debug_line    0x000025b5      0x40a CMakeFiles/BMI088_pro.elf.dir/Drivers/STM32F1xx_HAL_Driver/Src/stm32f1xx_hal_cortex.c.obj
 .debug_line    0x000029bf      0x3ec CMakeFiles/BMI088_pro.elf.dir/Drivers/STM32F1xx_HAL_Driver/Src/stm32f1xx_hal_gpio.c.obj
 .debug_line    0x00002dab     0x19bf CMakeFiles/BMI088_pro.elf.dir/Drivers/STM32F1xx_HAL_Driver/Src/stm32f1xx_hal_i2c.c.obj
 .debug_line    0x0000476a      0x565 CMakeFiles/BMI088_pro.elf.dir/Drivers/STM32F1xx_HAL_Driver/Src/stm32f1xx_hal_rcc.c.obj
 .debug_line    0x00004ccf     0x1d57 CMakeFiles/BMI088_pro.elf.dir/Drivers/STM32F1xx_HAL_Driver/Src/stm32f1xx_hal_tim.c.obj
 .debug_line    0x00006a26      0xdf9 CMakeFiles/BMI088_pro.elf.dir/Drivers/STM32F1xx_HAL_Driver/Src/stm32f1xx_hal_tim_ex.c.obj
 .debug_line    0x0000781f      0xd35 CMakeFiles/BMI088_pro.elf.dir/Drivers/STM32F1xx_HAL_Driver/Src/stm32f1xx_hal_uart.c.obj

.debug_str      0x00000000     0x563e
 .debug_str     0x00000000      0xd29 CMakeFiles/BMI088_pro.elf.dir/Core/Src/bmi08a.c.obj
                                0xeaa (size before relaxing)
 .debug_str     0x00000d29      0x27e CMakeFiles/BMI088_pro.elf.dir/Core/Src/bmi08g.c.obj
                                0x94b (size before relaxing)
 .debug_str     0x00000fa7     0x1232 CMakeFiles/BMI088_pro.elf.dir/Core/Src/main.c.obj
                               0x1789 (size before relaxing)
 .debug_str     0x000021d9      0x41f CMakeFiles/BMI088_pro.elf.dir/Core/Src/stm32f1xx_hal_msp.c.obj
                               0x1038 (size before relaxing)
 .debug_str     0x000025f8       0xf7 CMakeFiles/BMI088_pro.elf.dir/Core/Src/stm32f1xx_it.c.obj
                                0x825 (size before relaxing)
 .debug_str     0x000026ef      0x250 CMakeFiles/BMI088_pro.elf.dir/Core/Src/syscalls.c.obj
                                0x827 (size before relaxing)
 .debug_str     0x0000293f       0x92 CMakeFiles/BMI088_pro.elf.dir/Core/Src/sysmem.c.obj
                                0x63f (size before relaxing)
 .debug_str     0x000029d1       0x6f CMakeFiles/BMI088_pro.elf.dir/Core/Src/system_stm32f1xx.c.obj
                                0x328 (size before relaxing)
 .debug_str     0x00002a40       0x53 CMakeFiles/BMI088_pro.elf.dir/Core/Startup/startup_stm32f103c8tx.s.obj
                                 0x85 (size before relaxing)
 .debug_str     0x00002a93      0x29b CMakeFiles/BMI088_pro.elf.dir/Drivers/STM32F1xx_HAL_Driver/Src/stm32f1xx_hal.c.obj
                                0x8a5 (size before relaxing)
 .debug_str     0x00002d2e      0x3b1 CMakeFiles/BMI088_pro.elf.dir/Drivers/STM32F1xx_HAL_Driver/Src/stm32f1xx_hal_cortex.c.obj
                                0x9c1 (size before relaxing)
 .debug_str     0x000030df      0x11f CMakeFiles/BMI088_pro.elf.dir/Drivers/STM32F1xx_HAL_Driver/Src/stm32f1xx_hal_gpio.c.obj
                                0x512 (size before relaxing)
 .debug_str     0x000031fe      0x8e4 CMakeFiles/BMI088_pro.elf.dir/Drivers/STM32F1xx_HAL_Driver/Src/stm32f1xx_hal_i2c.c.obj
                               0x10a8 (size before relaxing)
 .debug_str     0x00003ae2      0x1f1 CMakeFiles/BMI088_pro.elf.dir/Drivers/STM32F1xx_HAL_Driver/Src/stm32f1xx_hal_rcc.c.obj
                                0x6f4 (size before relaxing)
 .debug_str     0x00003cd3      0xe30 CMakeFiles/BMI088_pro.elf.dir/Drivers/STM32F1xx_HAL_Driver/Src/stm32f1xx_hal_tim.c.obj
                               0x174a (size before relaxing)
 .debug_str     0x00004b03      0x541 CMakeFiles/BMI088_pro.elf.dir/Drivers/STM32F1xx_HAL_Driver/Src/stm32f1xx_hal_tim_ex.c.obj
                                0xf4b (size before relaxing)
 .debug_str     0x00005044      0x5fa CMakeFiles/BMI088_pro.elf.dir/Drivers/STM32F1xx_HAL_Driver/Src/stm32f1xx_hal_uart.c.obj
                                0xd8e (size before relaxing)

.comment        0x00000000       0x7f
 .comment       0x00000000       0x7f CMakeFiles/BMI088_pro.elf.dir/Core/Src/bmi08a.c.obj
                                 0x80 (size before relaxing)
 .comment       0x0000007f       0x80 CMakeFiles/BMI088_pro.elf.dir/Core/Src/bmi08g.c.obj
 .comment       0x0000007f       0x80 CMakeFiles/BMI088_pro.elf.dir/Core/Src/main.c.obj
 .comment       0x0000007f       0x80 CMakeFiles/BMI088_pro.elf.dir/Core/Src/stm32f1xx_hal_msp.c.obj
 .comment       0x0000007f       0x80 CMakeFiles/BMI088_pro.elf.dir/Core/Src/stm32f1xx_it.c.obj
 .comment       0x0000007f       0x80 CMakeFiles/BMI088_pro.elf.dir/Core/Src/syscalls.c.obj
 .comment       0x0000007f       0x80 CMakeFiles/BMI088_pro.elf.dir/Core/Src/sysmem.c.obj
 .comment       0x0000007f       0x80 CMakeFiles/BMI088_pro.elf.dir/Core/Src/system_stm32f1xx.c.obj
 .comment       0x0000007f       0x80 CMakeFiles/BMI088_pro.elf.dir/Drivers/STM32F1xx_HAL_Driver/Src/stm32f1xx_hal.c.obj
 .comment       0x0000007f       0x80 CMakeFiles/BMI088_pro.elf.dir/Drivers/STM32F1xx_HAL_Driver/Src/stm32f1xx_hal_cortex.c.obj
 .comment       0x0000007f       0x80 CMakeFiles/BMI088_pro.elf.dir/Drivers/STM32F1xx_HAL_Driver/Src/stm32f1xx_hal_gpio.c.obj
 .comment       0x0000007f       0x80 CMakeFiles/BMI088_pro.elf.dir/Drivers/STM32F1xx_HAL_Driver/Src/stm32f1xx_hal_i2c.c.obj
 .comment       0x0000007f       0x80 CMakeFiles/BMI088_pro.elf.dir/Drivers/STM32F1xx_HAL_Driver/Src/stm32f1xx_hal_rcc.c.obj
 .comment       0x0000007f       0x80 CMakeFiles/BMI088_pro.elf.dir/Drivers/STM32F1xx_HAL_Driver/Src/stm32f1xx_hal_tim.c.obj
 .comment       0x0000007f       0x80 CMakeFiles/BMI088_pro.elf.dir/Drivers/STM32F1xx_HAL_Driver/Src/stm32f1xx_hal_tim_ex.c.obj
 .comment       0x0000007f       0x80 CMakeFiles/BMI088_pro.elf.dir/Drivers/STM32F1xx_HAL_Driver/Src/stm32f1xx_hal_uart.c.obj

.debug_frame    0x00000000     0x47bc
 .debug_frame   0x00000000      0x6f0 CMakeFiles/BMI088_pro.elf.dir/Core/Src/bmi08a.c.obj
 .debug_frame   0x000006f0      0x3b8 CMakeFiles/BMI088_pro.elf.dir/Core/Src/bmi08g.c.obj
 .debug_frame   0x00000aa8      0x17c CMakeFiles/BMI088_pro.elf.dir/Core/Src/main.c.obj
 .debug_frame   0x00000c24       0xcc CMakeFiles/BMI088_pro.elf.dir/Core/Src/stm32f1xx_hal_msp.c.obj
 .debug_frame   0x00000cf0       0xc0 CMakeFiles/BMI088_pro.elf.dir/Core/Src/stm32f1xx_it.c.obj
 .debug_frame   0x00000db0      0x190 CMakeFiles/BMI088_pro.elf.dir/Core/Src/syscalls.c.obj
 .debug_frame   0x00000f40       0x28 CMakeFiles/BMI088_pro.elf.dir/Core/Src/sysmem.c.obj
 .debug_frame   0x00000f68       0x30 CMakeFiles/BMI088_pro.elf.dir/Core/Src/system_stm32f1xx.c.obj
 .debug_frame   0x00000f98      0x1cc CMakeFiles/BMI088_pro.elf.dir/Drivers/STM32F1xx_HAL_Driver/Src/stm32f1xx_hal.c.obj
 .debug_frame   0x00001164      0x12c CMakeFiles/BMI088_pro.elf.dir/Drivers/STM32F1xx_HAL_Driver/Src/stm32f1xx_hal_cortex.c.obj
 .debug_frame   0x00001290       0xe8 CMakeFiles/BMI088_pro.elf.dir/Drivers/STM32F1xx_HAL_Driver/Src/stm32f1xx_hal_gpio.c.obj
 .debug_frame   0x00001378      0x950 CMakeFiles/BMI088_pro.elf.dir/Drivers/STM32F1xx_HAL_Driver/Src/stm32f1xx_hal_i2c.c.obj
 .debug_frame   0x00001cc8      0x198 CMakeFiles/BMI088_pro.elf.dir/Drivers/STM32F1xx_HAL_Driver/Src/stm32f1xx_hal_rcc.c.obj
 .debug_frame   0x00001e60      0xb90 CMakeFiles/BMI088_pro.elf.dir/Drivers/STM32F1xx_HAL_Driver/Src/stm32f1xx_hal_tim.c.obj
 .debug_frame   0x000029f0      0x47c CMakeFiles/BMI088_pro.elf.dir/Drivers/STM32F1xx_HAL_Driver/Src/stm32f1xx_hal_tim_ex.c.obj
 .debug_frame   0x00002e6c      0x5bc CMakeFiles/BMI088_pro.elf.dir/Drivers/STM32F1xx_HAL_Driver/Src/stm32f1xx_hal_uart.c.obj
 .debug_frame   0x00003428       0x20 c:/progra~2/gnutoo~1/72018-~1/bin/../lib/gcc/arm-none-eabi/7.3.1/../../../../arm-none-eabi/lib/thumb/v7-m\libg.a(lib_a-errno.o)
 .debug_frame   0x00003448       0x2c c:/progra~2/gnutoo~1/72018-~1/bin/../lib/gcc/arm-none-eabi/7.3.1/../../../../arm-none-eabi/lib/thumb/v7-m\libg.a(lib_a-init.o)
 .debug_frame   0x00003474       0x38 c:/progra~2/gnutoo~1/72018-~1/bin/../lib/gcc/arm-none-eabi/7.3.1/../../../../arm-none-eabi/lib/thumb/v7-m\libg.a(lib_a-memset.o)
 .debug_frame   0x000034ac       0x78 c:/progra~2/gnutoo~1/72018-~1/bin/../lib/gcc/arm-none-eabi/7.3.1/../../../../arm-none-eabi/lib/thumb/v7-m\libg.a(lib_a-printf.o)
 .debug_frame   0x00003524       0x94 c:/progra~2/gnutoo~1/72018-~1/bin/../lib/gcc/arm-none-eabi/7.3.1/../../../../arm-none-eabi/lib/thumb/v7-m\libg.a(lib_a-vfprintf.o)
 .debug_frame   0x000035b8       0x2c c:/progra~2/gnutoo~1/72018-~1/bin/../lib/gcc/arm-none-eabi/7.3.1/../../../../arm-none-eabi/lib/thumb/v7-m\libg.a(lib_a-wsetup.o)
 .debug_frame   0x000035e4       0x5c c:/progra~2/gnutoo~1/72018-~1/bin/../lib/gcc/arm-none-eabi/7.3.1/../../../../arm-none-eabi/lib/thumb/v7-m\libg.a(lib_a-__call_atexit.o)
 .debug_frame   0x00003640       0x20 c:/progra~2/gnutoo~1/72018-~1/bin/../lib/gcc/arm-none-eabi/7.3.1/../../../../arm-none-eabi/lib/thumb/v7-m\libg.a(lib_a-atexit.o)
 .debug_frame   0x00003660       0x88 c:/progra~2/gnutoo~1/72018-~1/bin/../lib/gcc/arm-none-eabi/7.3.1/../../../../arm-none-eabi/lib/thumb/v7-m\libg.a(lib_a-dtoa.o)
 .debug_frame   0x000036e8       0x5c c:/progra~2/gnutoo~1/72018-~1/bin/../lib/gcc/arm-none-eabi/7.3.1/../../../../arm-none-eabi/lib/thumb/v7-m\libg.a(lib_a-fflush.o)
 .debug_frame   0x00003744      0x150 c:/progra~2/gnutoo~1/72018-~1/bin/../lib/gcc/arm-none-eabi/7.3.1/../../../../arm-none-eabi/lib/thumb/v7-m\libg.a(lib_a-findfp.o)
 .debug_frame   0x00003894       0x34 c:/progra~2/gnutoo~1/72018-~1/bin/../lib/gcc/arm-none-eabi/7.3.1/../../../../arm-none-eabi/lib/thumb/v7-m\libg.a(lib_a-fini.o)
 .debug_frame   0x000038c8       0x80 c:/progra~2/gnutoo~1/72018-~1/bin/../lib/gcc/arm-none-eabi/7.3.1/../../../../arm-none-eabi/lib/thumb/v7-m\libg.a(lib_a-freer.o)
 .debug_frame   0x00003948       0x54 c:/progra~2/gnutoo~1/72018-~1/bin/../lib/gcc/arm-none-eabi/7.3.1/../../../../arm-none-eabi/lib/thumb/v7-m\libg.a(lib_a-fwalk.o)
 .debug_frame   0x0000399c       0x40 c:/progra~2/gnutoo~1/72018-~1/bin/../lib/gcc/arm-none-eabi/7.3.1/../../../../arm-none-eabi/lib/thumb/v7-m\libg.a(lib_a-localeconv.o)
 .debug_frame   0x000039dc       0xb0 c:/progra~2/gnutoo~1/72018-~1/bin/../lib/gcc/arm-none-eabi/7.3.1/../../../../arm-none-eabi/lib/thumb/v7-m\libg.a(lib_a-lock.o)
 .debug_frame   0x00003a8c       0x64 c:/progra~2/gnutoo~1/72018-~1/bin/../lib/gcc/arm-none-eabi/7.3.1/../../../../arm-none-eabi/lib/thumb/v7-m\libg.a(lib_a-makebuf.o)
 .debug_frame   0x00003af0       0x4c c:/progra~2/gnutoo~1/72018-~1/bin/../lib/gcc/arm-none-eabi/7.3.1/../../../../arm-none-eabi/lib/thumb/v7-m\libg.a(lib_a-mallocr.o)
 .debug_frame   0x00003b3c       0x34 c:/progra~2/gnutoo~1/72018-~1/bin/../lib/gcc/arm-none-eabi/7.3.1/../../../../arm-none-eabi/lib/thumb/v7-m\libg.a(lib_a-memchr-stub.o)
 .debug_frame   0x00003b70       0x30 c:/progra~2/gnutoo~1/72018-~1/bin/../lib/gcc/arm-none-eabi/7.3.1/../../../../arm-none-eabi/lib/thumb/v7-m\libg.a(lib_a-mlock.o)